0 verbose cli C:\Program Files\nodejs\node.exe C:\Program Files\nodejs\node_modules\npm\bin\npm-cli.js
1 info using npm@11.6.2
2 info using node@v25.0.0
3 silly config load:file:C:\Program Files\nodejs\node_modules\npm\npmrc
4 silly config load:file:C:\Users\Owner\Downloads\Amazon-Clone-main\frontend\.npmrc
5 silly config load:file:C:\Users\Owner\.npmrc
6 silly config load:file:C:\Users\Owner\Downloads\Amazon-Clone-main\frontend\etc\npmrc
7 verbose title npm install
8 verbose argv "--prefix" "frontend" "install"
9 verbose logfile logs-max:10 dir:C:\Users\Owner\Downloads\Amazon-Clone-main\.npm-cache\_logs\2026-05-25T12_47_16_419Z-
10 verbose logfile C:\Users\Owner\Downloads\Amazon-Clone-main\.npm-cache\_logs\2026-05-25T12_47_16_419Z-debug-0.log
11 silly logfile done cleaning log files
12 silly packumentCache heap:4496293888 maxSize:1124073472 maxEntrySize:562036736
13 silly idealTree buildDeps
14 silly reify mark retired [
14 silly reify   'C:\\Users\\Owner\\Downloads\\Amazon-Clone-main\\frontend\\node_modules\\acorn'
14 silly reify ]
15 silly reify mark retired [
15 silly reify   'C:\\Users\\Owner\\Downloads\\Amazon-Clone-main\\frontend\\node_modules\\caniuse-lite'
15 silly reify ]
16 silly reify mark retired [
16 silly reify   'C:\\Users\\Owner\\Downloads\\Amazon-Clone-main\\frontend\\node_modules\\eslint'
16 silly reify ]
17 silly reify mark retired [
17 silly reify   'C:\\Users\\Owner\\Downloads\\Amazon-Clone-main\\frontend\\node_modules\\eslint-config-next'
17 silly reify ]
18 silly reify mark retired [
18 silly reify   'C:\\Users\\Owner\\Downloads\\Amazon-Clone-main\\frontend\\node_modules\\get-tsconfig'
18 silly reify ]
19 silly reify mark retired [
19 silly reify   'C:\\Users\\Owner\\Downloads\\Amazon-Clone-main\\frontend\\node_modules\\jiti'
19 silly reify ]
20 silly reify mark retired [
20 silly reify   'C:\\Users\\Owner\\Downloads\\Amazon-Clone-main\\frontend\\node_modules\\js-yaml'
20 silly reify ]
21 silly reify mark retired [
21 silly reify   'C:\\Users\\Owner\\Downloads\\Amazon-Clone-main\\frontend\\node_modules\\json5'
21 silly reify ]
22 silly reify mark retired [
22 silly reify   'C:\\Users\\Owner\\Downloads\\Amazon-Clone-main\\frontend\\node_modules\\loose-envify'
22 silly reify ]
23 silly reify mark retired [
23 silly reify   'C:\\Users\\Owner\\Downloads\\Amazon-Clone-main\\frontend\\node_modules\\nanoid'
23 silly reify ]
24 silly reify mark retired [
24 silly reify   'C:\\Users\\Owner\\Downloads\\Amazon-Clone-main\\frontend\\node_modules\\napi-postinstall'
24 silly reify ]
25 silly reify mark retired [
25 silly reify   'C:\\Users\\Owner\\Downloads\\Amazon-Clone-main\\frontend\\node_modules\\next'
25 silly reify ]
26 silly reify mark retired [
26 silly reify   'C:\\Users\\Owner\\Downloads\\Amazon-Clone-main\\frontend\\node_modules\\react'
26 silly reify ]
27 silly reify mark retired [
27 silly reify   'C:\\Users\\Owner\\Downloads\\Amazon-Clone-main\\frontend\\node_modules\\react-dom'
27 silly reify ]
28 silly reify mark retired [
28 silly reify   'C:\\Users\\Owner\\Downloads\\Amazon-Clone-main\\frontend\\node_modules\\react-remove-scroll'
28 silly reify ]
29 silly reify mark retired [
29 silly reify   'C:\\Users\\Owner\\Downloads\\Amazon-Clone-main\\frontend\\node_modules\\resolve'
29 silly reify ]
30 silly reify mark retired [
30 silly reify   'C:\\Users\\Owner\\Downloads\\Amazon-Clone-main\\frontend\\node_modules\\semver'
30 silly reify ]
31 silly reify mark retired [
31 silly reify   'C:\\Users\\Owner\\Downloads\\Amazon-Clone-main\\frontend\\node_modules\\sharp'
31 silly reify ]
32 silly reify mark retired [
32 silly reify   'C:\\Users\\Owner\\Downloads\\Amazon-Clone-main\\frontend\\node_modules\\typescript'
32 silly reify ]
33 silly reify mark retired [
33 silly reify   'C:\\Users\\Owner\\Downloads\\Amazon-Clone-main\\frontend\\node_modules\\which'
33 silly reify ]
34 silly reify mark retired [
34 silly reify   'C:\\Users\\Owner\\Downloads\\Amazon-Clone-main\\frontend\\node_modules\\@eslint\\config-helpers'
34 silly reify ]
35 silly reify mark retired [
35 silly reify   'C:\\Users\\Owner\\Downloads\\Amazon-Clone-main\\frontend\\node_modules\\@eslint\\core'
35 silly reify ]
36 silly reify mark retired [
36 silly reify   'C:\\Users\\Owner\\Downloads\\Amazon-Clone-main\\frontend\\node_modules\\@eslint\\eslintrc'
36 silly reify ]
37 silly reify mark retired [
37 silly reify   'C:\\Users\\Owner\\Downloads\\Amazon-Clone-main\\frontend\\node_modules\\@eslint\\js'
37 silly reify ]
38 silly reify mark retired [
38 silly reify   'C:\\Users\\Owner\\Downloads\\Amazon-Clone-main\\frontend\\node_modules\\@eslint\\plugin-kit'
38 silly reify ]
39 silly reify mark retired [
39 silly reify   'C:\\Users\\Owner\\Downloads\\Amazon-Clone-main\\frontend\\node_modules\\@emnapi\\core'
39 silly reify ]
40 silly reify mark retired [
40 silly reify   'C:\\Users\\Owner\\Downloads\\Amazon-Clone-main\\frontend\\node_modules\\@emnapi\\runtime'
40 silly reify ]
41 silly reify mark retired [
41 silly reify   'C:\\Users\\Owner\\Downloads\\Amazon-Clone-main\\frontend\\node_modules\\@img\\sharp-win32-x64'
41 silly reify ]
42 silly reify mark retired [
42 silly reify   'C:\\Users\\Owner\\Downloads\\Amazon-Clone-main\\frontend\\node_modules\\@img\\colour'
42 silly reify ]
43 silly reify mark retired [
43 silly reify   'C:\\Users\\Owner\\Downloads\\Amazon-Clone-main\\frontend\\node_modules\\@next\\env'
43 silly reify ]
44 silly reify mark retired [
44 silly reify   'C:\\Users\\Owner\\Downloads\\Amazon-Clone-main\\frontend\\node_modules\\@next\\eslint-plugin-next'
44 silly reify ]
45 silly reify mark retired [
45 silly reify   'C:\\Users\\Owner\\Downloads\\Amazon-Clone-main\\frontend\\node_modules\\@next\\swc-win32-x64-msvc'
45 silly reify ]
46 silly reify mark retired [
46 silly reify   'C:\\Users\\Owner\\Downloads\\Amazon-Clone-main\\frontend\\node_modules\\@radix-ui\\react-separator'
46 silly reify ]
47 silly reify mark retired [
47 silly reify   'C:\\Users\\Owner\\Downloads\\Amazon-Clone-main\\frontend\\node_modules\\@tailwindcss\\postcss'
47 silly reify ]
48 silly reify mark retired [
48 silly reify   'C:\\Users\\Owner\\Downloads\\Amazon-Clone-main\\frontend\\node_modules\\@types\\node'
48 silly reify ]
49 silly reify mark retired [
49 silly reify   'C:\\Users\\Owner\\Downloads\\Amazon-Clone-main\\frontend\\node_modules\\@typescript-eslint\\eslint-plugin'
49 silly reify ]
50 silly reify mark retired [
50 silly reify   'C:\\Users\\Owner\\Downloads\\Amazon-Clone-main\\frontend\\node_modules\\@typescript-eslint\\parser'
50 silly reify ]
51 silly reify mark retired [
51 silly reify   'C:\\Users\\Owner\\Downloads\\Amazon-Clone-main\\frontend\\node_modules\\@typescript-eslint\\project-service'
51 silly reify ]
52 silly reify mark retired [
52 silly reify   'C:\\Users\\Owner\\Downloads\\Amazon-Clone-main\\frontend\\node_modules\\@typescript-eslint\\scope-manager'
52 silly reify ]
53 silly reify mark retired [
53 silly reify   'C:\\Users\\Owner\\Downloads\\Amazon-Clone-main\\frontend\\node_modules\\@typescript-eslint\\tsconfig-utils'
53 silly reify ]
54 silly reify mark retired [
54 silly reify   'C:\\Users\\Owner\\Downloads\\Amazon-Clone-main\\frontend\\node_modules\\@typescript-eslint\\type-utils'
54 silly reify ]
55 silly reify mark retired [
55 silly reify   'C:\\Users\\Owner\\Downloads\\Amazon-Clone-main\\frontend\\node_modules\\@typescript-eslint\\types'
55 silly reify ]
56 silly reify mark retired [
56 silly reify   'C:\\Users\\Owner\\Downloads\\Amazon-Clone-main\\frontend\\node_modules\\@typescript-eslint\\typescript-estree'
56 silly reify ]
57 silly reify mark retired [
57 silly reify   'C:\\Users\\Owner\\Downloads\\Amazon-Clone-main\\frontend\\node_modules\\@typescript-eslint\\utils'
57 silly reify ]
58 silly reify mark retired [
58 silly reify   'C:\\Users\\Owner\\Downloads\\Amazon-Clone-main\\frontend\\node_modules\\@typescript-eslint\\visitor-keys'
58 silly reify ]
59 silly reify mark retired [
59 silly reify   'C:\\Users\\Owner\\Downloads\\Amazon-Clone-main\\frontend\\node_modules\\eslint-plugin-import\\node_modules\\semver'
59 silly reify ]
60 silly reify mark retired [
60 silly reify   'C:\\Users\\Owner\\Downloads\\Amazon-Clone-main\\frontend\\node_modules\\eslint-plugin-react\\node_modules\\resolve'
60 silly reify ]
61 silly reify mark retired [
61 silly reify   'C:\\Users\\Owner\\Downloads\\Amazon-Clone-main\\frontend\\node_modules\\eslint-plugin-react\\node_modules\\semver'
61 silly reify ]
62 silly reify moves {
62 silly reify   'C:\\Users\\Owner\\Downloads\\Amazon-Clone-main\\frontend\\node_modules\\acorn': 'C:\\Users\\Owner\\Downloads\\Amazon-Clone-main\\frontend\\node_modules\\.acorn-kBonF3cj',
62 silly reify   'C:\\Users\\Owner\\Downloads\\Amazon-Clone-main\\frontend\\node_modules\\caniuse-lite': 'C:\\Users\\Owner\\Downloads\\Amazon-Clone-main\\frontend\\node_modules\\.caniuse-lite-ZwQJzeUZ',
62 silly reify   'C:\\Users\\Owner\\Downloads\\Amazon-Clone-main\\frontend\\node_modules\\eslint': 'C:\\Users\\Owner\\Downloads\\Amazon-Clone-main\\frontend\\node_modules\\.eslint-Xc3PmVr9',
62 silly reify   'C:\\Users\\Owner\\Downloads\\Amazon-Clone-main\\frontend\\node_modules\\eslint-config-next': 'C:\\Users\\Owner\\Downloads\\Amazon-Clone-main\\frontend\\node_modules\\.eslint-config-next-cjcWv1hJ',
62 silly reify   'C:\\Users\\Owner\\Downloads\\Amazon-Clone-main\\frontend\\node_modules\\get-tsconfig': 'C:\\Users\\Owner\\Downloads\\Amazon-Clone-main\\frontend\\node_modules\\.get-tsconfig-UyGXQCUt',
62 silly reify   'C:\\Users\\Owner\\Downloads\\Amazon-Clone-main\\frontend\\node_modules\\jiti': 'C:\\Users\\Owner\\Downloads\\Amazon-Clone-main\\frontend\\node_modules\\.jiti-wxjapiKz',
62 silly reify   'C:\\Users\\Owner\\Downloads\\Amazon-Clone-main\\frontend\\node_modules\\js-yaml': 'C:\\Users\\Owner\\Downloads\\Amazon-Clone-main\\frontend\\node_modules\\.js-yaml-HUuMJbst',
62 silly reify   'C:\\Users\\Owner\\Downloads\\Amazon-Clone-main\\frontend\\node_modules\\json5': 'C:\\Users\\Owner\\Downloads\\Amazon-Clone-main\\frontend\\node_modules\\.json5-7vpldXmb',
62 silly reify   'C:\\Users\\Owner\\Downloads\\Amazon-Clone-main\\frontend\\node_modules\\loose-envify': 'C:\\Users\\Owner\\Downloads\\Amazon-Clone-main\\frontend\\node_modules\\.loose-envify-alWPr4GL',
62 silly reify   'C:\\Users\\Owner\\Downloads\\Amazon-Clone-main\\frontend\\node_modules\\nanoid': 'C:\\Users\\Owner\\Downloads\\Amazon-Clone-main\\frontend\\node_modules\\.nanoid-h6aTD7d2',
62 silly reify   'C:\\Users\\Owner\\Downloads\\Amazon-Clone-main\\frontend\\node_modules\\napi-postinstall': 'C:\\Users\\Owner\\Downloads\\Amazon-Clone-main\\frontend\\node_modules\\.napi-postinstall-5pfaTbB6',
62 silly reify   'C:\\Users\\Owner\\Downloads\\Amazon-Clone-main\\frontend\\node_modules\\next': 'C:\\Users\\Owner\\Downloads\\Amazon-Clone-main\\frontend\\node_modules\\.next-sCKjFxBL',
62 silly reify   'C:\\Users\\Owner\\Downloads\\Amazon-Clone-main\\frontend\\node_modules\\react': 'C:\\Users\\Owner\\Downloads\\Amazon-Clone-main\\frontend\\node_modules\\.react-uM6DIqCj',
62 silly reify   'C:\\Users\\Owner\\Downloads\\Amazon-Clone-main\\frontend\\node_modules\\react-dom': 'C:\\Users\\Owner\\Downloads\\Amazon-Clone-main\\frontend\\node_modules\\.react-dom-dOijUkT1',
62 silly reify   'C:\\Users\\Owner\\Downloads\\Amazon-Clone-main\\frontend\\node_modules\\react-remove-scroll': 'C:\\Users\\Owner\\Downloads\\Amazon-Clone-main\\frontend\\node_modules\\.react-remove-scroll-Vaw852qd',
62 silly reify   'C:\\Users\\Owner\\Downloads\\Amazon-Clone-main\\frontend\\node_modules\\resolve': 'C:\\Users\\Owner\\Downloads\\Amazon-Clone-main\\frontend\\node_modules\\.resolve-gkFj4kZA',
62 silly reify   'C:\\Users\\Owner\\Downloads\\Amazon-Clone-main\\frontend\\node_modules\\semver': 'C:\\Users\\Owner\\Downloads\\Amazon-Clone-main\\frontend\\node_modules\\.semver-jirOZBRC',
62 silly reify   'C:\\Users\\Owner\\Downloads\\Amazon-Clone-main\\frontend\\node_modules\\sharp': 'C:\\Users\\Owner\\Downloads\\Amazon-Clone-main\\frontend\\node_modules\\.sharp-lSVMvYTW',
62 silly reify   'C:\\Users\\Owner\\Downloads\\Amazon-Clone-main\\frontend\\node_modules\\typescript': 'C:\\Users\\Owner\\Downloads\\Amazon-Clone-main\\frontend\\node_modules\\.typescript-BxOI4EuY',
62 silly reify   'C:\\Users\\Owner\\Downloads\\Amazon-Clone-main\\frontend\\node_modules\\which': 'C:\\Users\\Owner\\Downloads\\Amazon-Clone-main\\frontend\\node_modules\\.which-Z0aTeHj5',
62 silly reify   'C:\\Users\\Owner\\Downloads\\Amazon-Clone-main\\frontend\\node_modules\\@eslint\\config-helpers': 'C:\\Users\\Owner\\Downloads\\Amazon-Clone-main\\frontend\\node_modules\\@eslint\\.config-helpers-8IBQYAdD',
62 silly reify   'C:\\Users\\Owner\\Downloads\\Amazon-Clone-main\\frontend\\node_modules\\@eslint\\core': 'C:\\Users\\Owner\\Downloads\\Amazon-Clone-main\\frontend\\node_modules\\@eslint\\.core-ufwKradx',
62 silly reify   'C:\\Users\\Owner\\Downloads\\Amazon-Clone-main\\frontend\\node_modules\\@eslint\\eslintrc': 'C:\\Users\\Owner\\Downloads\\Amazon-Clone-main\\frontend\\node_modules\\@eslint\\.eslintrc-tJfriwtb',
62 silly reify   'C:\\Users\\Owner\\Downloads\\Amazon-Clone-main\\frontend\\node_modules\\@eslint\\js': 'C:\\Users\\Owner\\Downloads\\Amazon-Clone-main\\frontend\\node_modules\\@eslint\\.js-ez3dwHOa',
62 silly reify   'C:\\Users\\Owner\\Downloads\\Amazon-Clone-main\\frontend\\node_modules\\@eslint\\plugin-kit': 'C:\\Users\\Owner\\Downloads\\Amazon-Clone-main\\frontend\\node_modules\\@eslint\\.plugin-kit-sPS5FHIN',
62 silly reify   'C:\\Users\\Owner\\Downloads\\Amazon-Clone-main\\frontend\\node_modules\\@emnapi\\core': 'C:\\Users\\Owner\\Downloads\\Amazon-Clone-main\\frontend\\node_modules\\@emnapi\\.core-LEvbXlH3',
62 silly reify   'C:\\Users\\Owner\\Downloads\\Amazon-Clone-main\\frontend\\node_modules\\@emnapi\\runtime': 'C:\\Users\\Owner\\Downloads\\Amazon-Clone-main\\frontend\\node_modules\\@emnapi\\.runtime-rxAFJZqw',
62 silly reify   'C:\\Users\\Owner\\Downloads\\Amazon-Clone-main\\frontend\\node_modules\\@img\\sharp-win32-x64': 'C:\\Users\\Owner\\Downloads\\Amazon-Clone-main\\frontend\\node_modules\\@img\\.sharp-win32-x64-16aqiv85',
62 silly reify   'C:\\Users\\Owner\\Downloads\\Amazon-Clone-main\\frontend\\node_modules\\@img\\colour': 'C:\\Users\\Owner\\Downloads\\Amazon-Clone-main\\frontend\\node_modules\\@img\\.colour-MPBUuKh3',
62 silly reify   'C:\\Users\\Owner\\Downloads\\Amazon-Clone-main\\frontend\\node_modules\\@next\\env': 'C:\\Users\\Owner\\Downloads\\Amazon-Clone-main\\frontend\\node_modules\\@next\\.env-7SQ56vWV',
62 silly reify   'C:\\Users\\Owner\\Downloads\\Amazon-Clone-main\\frontend\\node_modules\\@next\\eslint-plugin-next': 'C:\\Users\\Owner\\Downloads\\Amazon-Clone-main\\frontend\\node_modules\\@next\\.eslint-plugin-next-7OIivoEH',
62 silly reify   'C:\\Users\\Owner\\Downloads\\Amazon-Clone-main\\frontend\\node_modules\\@next\\swc-win32-x64-msvc': 'C:\\Users\\Owner\\Downloads\\Amazon-Clone-main\\frontend\\node_modules\\@next\\.swc-win32-x64-msvc-qafbDrWi',
62 silly reify   'C:\\Users\\Owner\\Downloads\\Amazon-Clone-main\\frontend\\node_modules\\@radix-ui\\react-separator': 'C:\\Users\\Owner\\Downloads\\Amazon-Clone-main\\frontend\\node_modules\\@radix-ui\\.react-separator-6AmlFMP0',
62 silly reify   'C:\\Users\\Owner\\Downloads\\Amazon-Clone-main\\frontend\\node_modules\\@tailwindcss\\postcss': 'C:\\Users\\Owner\\Downloads\\Amazon-Clone-main\\frontend\\node_modules\\@tailwindcss\\.postcss-b2EIxRVV',
62 silly reify   'C:\\Users\\Owner\\Downloads\\Amazon-Clone-main\\frontend\\node_modules\\@types\\node': 'C:\\Users\\Owner\\Downloads\\Amazon-Clone-main\\frontend\\node_modules\\@types\\.node-TJtXFtUx',
62 silly reify   'C:\\Users\\Owner\\Downloads\\Amazon-Clone-main\\frontend\\node_modules\\@typescript-eslint\\eslint-plugin': 'C:\\Users\\Owner\\Downloads\\Amazon-Clone-main\\frontend\\node_modules\\@typescript-eslint\\.eslint-plugin-rZty548G',
62 silly reify   'C:\\Users\\Owner\\Downloads\\Amazon-Clone-main\\frontend\\node_modules\\@typescript-eslint\\parser': 'C:\\Users\\Owner\\Downloads\\Amazon-Clone-main\\frontend\\node_modules\\@typescript-eslint\\.parser-LubEjB99',
62 silly reify   'C:\\Users\\Owner\\Downloads\\Amazon-Clone-main\\frontend\\node_modules\\@typescript-eslint\\project-service': 'C:\\Users\\Owner\\Downloads\\Amazon-Clone-main\\frontend\\node_modules\\@typescript-eslint\\.project-service-RZoYn0gW',
62 silly reify   'C:\\Users\\Owner\\Downloads\\Amazon-Clone-main\\frontend\\node_modules\\@typescript-eslint\\scope-manager': 'C:\\Users\\Owner\\Downloads\\Amazon-Clone-main\\frontend\\node_modules\\@typescript-eslint\\.scope-manager-hWXiSJXS',
62 silly reify   'C:\\Users\\Owner\\Downloads\\Amazon-Clone-main\\frontend\\node_modules\\@typescript-eslint\\tsconfig-utils': 'C:\\Users\\Owner\\Downloads\\Amazon-Clone-main\\frontend\\node_modules\\@typescript-eslint\\.tsconfig-utils-P85kseSs',
62 silly reify   'C:\\Users\\Owner\\Downloads\\Amazon-Clone-main\\frontend\\node_modules\\@typescript-eslint\\type-utils': 'C:\\Users\\Owner\\Downloads\\Amazon-Clone-main\\frontend\\node_modules\\@typescript-eslint\\.type-utils-c1fSQEvk',
62 silly reify   'C:\\Users\\Owner\\Downloads\\Amazon-Clone-main\\frontend\\node_modules\\@typescript-eslint\\types': 'C:\\Users\\Owner\\Downloads\\Amazon-Clone-main\\frontend\\node_modules\\@typescript-eslint\\.types-CCOQG6yu',
62 silly reify   'C:\\Users\\Owner\\Downloads\\Amazon-Clone-main\\frontend\\node_modules\\@typescript-eslint\\typescript-estree': 'C:\\Users\\Owner\\Downloads\\Amazon-Clone-main\\frontend\\node_modules\\@typescript-eslint\\.typescript-estree-3nrt8c8w',
62 silly reify   'C:\\Users\\Owner\\Downloads\\Amazon-Clone-main\\frontend\\node_modules\\@typescript-eslint\\utils': 'C:\\Users\\Owner\\Downloads\\Amazon-Clone-main\\frontend\\node_modules\\@typescript-eslint\\.utils-JgzCJZWP',
62 silly reify   'C:\\Users\\Owner\\Downloads\\Amazon-Clone-main\\frontend\\node_modules\\@typescript-eslint\\visitor-keys': 'C:\\Users\\Owner\\Downloads\\Amazon-Clone-main\\frontend\\node_modules\\@typescript-eslint\\.visitor-keys-B5JvTk3Q',
62 silly reify   'C:\\Users\\Owner\\Downloads\\Amazon-Clone-main\\frontend\\node_modules\\eslint-plugin-import\\node_modules\\semver': 'C:\\Users\\Owner\\Downloads\\Amazon-Clone-main\\frontend\\node_modules\\eslint-plugin-import\\node_modules\\.semver-tylGXLxI',
62 silly reify   'C:\\Users\\Owner\\Downloads\\Amazon-Clone-main\\frontend\\node_modules\\eslint-plugin-react\\node_modules\\resolve': 'C:\\Users\\Owner\\Downloads\\Amazon-Clone-main\\frontend\\node_modules\\eslint-plugin-react\\node_modules\\.resolve-wHSF2ErS',
62 silly reify   'C:\\Users\\Owner\\Downloads\\Amazon-Clone-main\\frontend\\node_modules\\eslint-plugin-react\\node_modules\\semver': 'C:\\Users\\Owner\\Downloads\\Amazon-Clone-main\\frontend\\node_modules\\eslint-plugin-react\\node_modules\\.semver-phMc5JoH'
62 silly reify }
63 silly audit bulk request {
63 silly audit   '@alloc/quick-lru': [ '5.2.0' ],
63 silly audit   '@emnapi/core': [ '1.7.1' ],
63 silly audit   '@emnapi/runtime': [ '1.7.1' ],
63 silly audit   '@emnapi/wasi-threads': [ '1.1.0' ],
63 silly audit   '@eslint-community/eslint-utils': [ '4.9.0' ],
63 silly audit   'eslint-visitor-keys': [ '3.4.3', '4.2.1' ],
63 silly audit   '@eslint-community/regexpp': [ '4.12.2' ],
63 silly audit   '@eslint/config-array': [ '0.21.1' ],
63 silly audit   '@eslint/config-helpers': [ '0.4.2' ],
63 silly audit   '@eslint/core': [ '0.17.0' ],
63 silly audit   '@eslint/eslintrc': [ '3.3.3' ],
63 silly audit   '@eslint/js': [ '9.39.1' ],
63 silly audit   '@eslint/object-schema': [ '2.1.7' ],
63 silly audit   '@eslint/plugin-kit': [ '0.4.1' ],
63 silly audit   '@floating-ui/core': [ '1.7.3' ],
63 silly audit   '@floating-ui/dom': [ '1.7.4' ],
63 silly audit   '@floating-ui/react-dom': [ '2.1.6' ],
63 silly audit   '@floating-ui/utils': [ '0.2.10' ],
63 silly audit   '@humanfs/core': [ '0.19.1' ],
63 silly audit   '@humanfs/node': [ '0.16.7' ],
63 silly audit   '@humanwhocodes/module-importer': [ '1.0.1' ],
63 silly audit   '@humanwhocodes/retry': [ '0.4.3' ],
63 silly audit   '@img/colour': [ '1.0.0' ],
63 silly audit   '@img/sharp-darwin-arm64': [ '0.34.5' ],
63 silly audit   '@img/sharp-darwin-x64': [ '0.34.5' ],
63 silly audit   '@img/sharp-libvips-darwin-arm64': [ '1.2.4' ],
63 silly audit   '@img/sharp-libvips-darwin-x64': [ '1.2.4' ],
63 silly audit   '@img/sharp-libvips-linux-arm': [ '1.2.4' ],
63 silly audit   '@img/sharp-libvips-linux-arm64': [ '1.2.4' ],
63 silly audit   '@img/sharp-libvips-linux-ppc64': [ '1.2.4' ],
63 silly audit   '@img/sharp-libvips-linux-riscv64': [ '1.2.4' ],
63 silly audit   '@img/sharp-libvips-linux-s390x': [ '1.2.4' ],
63 silly audit   '@img/sharp-libvips-linux-x64': [ '1.2.4' ],
63 silly audit   '@img/sharp-libvips-linuxmusl-arm64': [ '1.2.4' ],
63 silly audit   '@img/sharp-libvips-linuxmusl-x64': [ '1.2.4' ],
63 silly audit   '@img/sharp-linux-arm': [ '0.34.5' ],
63 silly audit   '@img/sharp-linux-arm64': [ '0.34.5' ],
63 silly audit   '@img/sharp-linux-ppc64': [ '0.34.5' ],
63 silly audit   '@img/sharp-linux-riscv64': [ '0.34.5' ],
63 silly audit   '@img/sharp-linux-s390x': [ '0.34.5' ],
63 silly audit   '@img/sharp-linux-x64': [ '0.34.5' ],
63 silly audit   '@img/sharp-linuxmusl-arm64': [ '0.34.5' ],
63 silly audit   '@img/sharp-linuxmusl-x64': [ '0.34.5' ],
63 silly audit   '@img/sharp-wasm32': [ '0.34.5' ],
63 silly audit   '@img/sharp-win32-arm64': [ '0.34.5' ],
63 silly audit   '@img/sharp-win32-ia32': [ '0.34.5' ],
63 silly audit   '@img/sharp-win32-x64': [ '0.34.5' ],
63 silly audit   '@jridgewell/gen-mapping': [ '0.3.13' ],
63 silly audit   '@jridgewell/remapping': [ '2.3.5' ],
63 silly audit   '@jridgewell/resolve-uri': [ '3.1.2' ],
63 silly audit   '@jridgewell/sourcemap-codec': [ '1.5.5' ],
63 silly audit   '@jridgewell/trace-mapping': [ '0.3.31' ],
63 silly audit   '@napi-rs/wasm-runtime': [ '0.2.12' ],
63 silly audit   '@next/env': [ '16.0.9' ],
63 silly audit   '@next/eslint-plugin-next': [ '15.2.1' ],
63 silly audit   '@next/swc-darwin-arm64': [ '16.0.9' ],
63 silly audit   '@next/swc-darwin-x64': [ '16.0.9' ],
63 silly audit   '@next/swc-linux-arm64-gnu': [ '16.0.9' ],
63 silly audit   '@next/swc-linux-arm64-musl': [ '16.0.9' ],
63 silly audit   '@next/swc-linux-x64-gnu': [ '16.0.9' ],
63 silly audit   '@next/swc-linux-x64-musl': [ '16.0.9' ],
63 silly audit   '@next/swc-win32-arm64-msvc': [ '16.0.9' ],
63 silly audit   '@next/swc-win32-x64-msvc': [ '16.0.9' ],
63 silly audit   '@nodelib/fs.scandir': [ '2.1.5' ],
63 silly audit   '@nodelib/fs.stat': [ '2.0.5' ],
63 silly audit   '@nodelib/fs.walk': [ '1.2.8' ],
63 silly audit   '@nolyfill/is-core-module': [ '1.0.39' ],
63 silly audit   '@radix-ui/number': [ '1.1.1' ],
63 silly audit   '@radix-ui/primitive': [ '1.1.3' ],
63 silly audit   '@radix-ui/react-arrow': [ '1.1.7' ],
63 silly audit   '@radix-ui/react-collection': [ '1.1.7' ],
63 silly audit   '@radix-ui/react-slot': [ '1.2.3', '1.2.4' ],
63 silly audit   '@radix-ui/react-compose-refs': [ '1.1.2' ],
63 silly audit   '@radix-ui/react-context': [ '1.1.2' ],
63 silly audit   '@radix-ui/react-direction': [ '1.1.1' ],
63 silly audit   '@radix-ui/react-dismissable-layer': [ '1.1.11' ],
63 silly audit   '@radix-ui/react-focus-guards': [ '1.1.3' ],
63 silly audit   '@radix-ui/react-focus-scope': [ '1.1.7' ],
63 silly audit   '@radix-ui/react-id': [ '1.1.1' ],
63 silly audit   '@radix-ui/react-popper': [ '1.2.8' ],
63 silly audit   '@radix-ui/react-portal': [ '1.1.9' ],
63 silly audit   '@radix-ui/react-primitive': [ '2.1.3', '2.1.4' ],
63 silly audit   '@radix-ui/react-select': [ '2.2.6' ],
63 silly audit   '@radix-ui/react-separator': [ '1.1.8' ],
63 silly audit   '@radix-ui/react-use-callback-ref': [ '1.1.1' ],
63 silly audit   '@radix-ui/react-use-controllable-state': [ '1.2.2' ],
63 silly audit   '@radix-ui/react-use-effect-event': [ '0.0.2' ],
63 silly audit   '@radix-ui/react-use-escape-keydown': [ '1.1.1' ],
63 silly audit   '@radix-ui/react-use-layout-effect': [ '1.1.1' ],
63 silly audit   '@radix-ui/react-use-previous': [ '1.1.1' ],
63 silly audit   '@radix-ui/react-use-rect': [ '1.1.1' ],
63 silly audit   '@radix-ui/react-use-size': [ '1.1.1' ],
63 silly audit   '@radix-ui/react-visually-hidden': [ '1.2.3' ],
63 silly audit   '@radix-ui/rect': [ '1.1.1' ],
63 silly audit   '@rtsao/scc': [ '1.1.0' ],
63 silly audit   '@rushstack/eslint-patch': [ '1.15.0' ],
63 silly audit   '@swc/helpers': [ '0.5.15' ],
63 silly audit   '@tailwindcss/node': [ '4.1.18' ],
63 silly audit   '@tailwindcss/oxide': [ '4.1.18' ],
63 silly audit   '@tailwindcss/oxide-android-arm64': [ '4.1.18' ],
63 silly audit   '@tailwindcss/oxide-darwin-arm64': [ '4.1.18' ],
63 silly audit   '@tailwindcss/oxide-darwin-x64': [ '4.1.18' ],
63 silly audit   '@tailwindcss/oxide-freebsd-x64': [ '4.1.18' ],
63 silly audit   '@tailwindcss/oxide-linux-arm-gnueabihf': [ '4.1.18' ],
63 silly audit   '@tailwindcss/oxide-linux-arm64-gnu': [ '4.1.18' ],
63 silly audit   '@tailwindcss/oxide-linux-arm64-musl': [ '4.1.18' ],
63 silly audit   '@tailwindcss/oxide-linux-x64-gnu': [ '4.1.18' ],
63 silly audit   '@tailwindcss/oxide-linux-x64-musl': [ '4.1.18' ],
63 silly audit   '@tailwindcss/oxide-wasm32-wasi': [ '4.1.18' ],
63 silly audit   '@tailwindcss/oxide-win32-arm64-msvc': [ '4.1.18' ],
63 silly audit   '@tailwindcss/oxide-win32-x64-msvc': [ '4.1.18' ],
63 silly audit   '@tailwindcss/postcss': [ '4.1.18' ],
63 silly audit   '@tybys/wasm-util': [ '0.10.1' ],
63 silly audit   '@types/estree': [ '1.0.8' ],
63 silly audit   '@types/json-schema': [ '7.0.15' ],
63 silly audit   '@types/json5': [ '0.0.29' ],
63 silly audit   '@types/node': [ '25.0.0' ],
63 silly audit   '@types/react': [ '19.2.7' ],
63 silly audit   '@types/react-dom': [ '19.2.3' ],
63 silly audit   '@typescript-eslint/eslint-plugin': [ '8.49.0' ],
63 silly audit   ignore: [ '7.0.5', '5.3.2' ],
63 silly audit   '@typescript-eslint/parser': [ '8.49.0' ],
63 silly audit   '@typescript-eslint/project-service': [ '8.49.0' ],
63 silly audit   '@typescript-eslint/scope-manager': [ '8.49.0' ],
63 silly audit   '@typescript-eslint/tsconfig-utils': [ '8.49.0' ],
63 silly audit   '@typescript-eslint/type-utils': [ '8.49.0' ],
63 silly audit   '@typescript-eslint/types': [ '8.49.0' ],
63 silly audit   '@typescript-eslint/typescript-estree': [ '8.49.0' ],
63 silly audit   'brace-expansion': [ '2.0.2', '1.1.12' ],
63 silly audit   minimatch: [ '9.0.5', '3.1.2' ],
63 silly audit   '@typescript-eslint/utils': [ '8.49.0' ],
63 silly audit   '@typescript-eslint/visitor-keys': [ '8.49.0' ],
63 silly audit   '@unrs/resolver-binding-android-arm-eabi': [ '1.11.1' ],
63 silly audit   '@unrs/resolver-binding-android-arm64': [ '1.11.1' ],
63 silly audit   '@unrs/resolver-binding-darwin-arm64': [ '1.11.1' ],
63 silly audit   '@unrs/resolver-binding-darwin-x64': [ '1.11.1' ],
63 silly audit   '@unrs/resolver-binding-freebsd-x64': [ '1.11.1' ],
63 silly audit   '@unrs/resolver-binding-linux-arm-gnueabihf': [ '1.11.1' ],
63 silly audit   '@unrs/resolver-binding-linux-arm-musleabihf': [ '1.11.1' ],
63 silly audit   '@unrs/resolver-binding-linux-arm64-gnu': [ '1.11.1' ],
63 silly audit   '@unrs/resolver-binding-linux-arm64-musl': [ '1.11.1' ],
63 silly audit   '@unrs/resolver-binding-linux-ppc64-gnu': [ '1.11.1' ],
63 silly audit   '@unrs/resolver-binding-linux-riscv64-gnu': [ '1.11.1' ],
63 silly audit   '@unrs/resolver-binding-linux-riscv64-musl': [ '1.11.1' ],
63 silly audit   '@unrs/resolver-binding-linux-s390x-gnu': [ '1.11.1' ],
63 silly audit   '@unrs/resolver-binding-linux-x64-gnu': [ '1.11.1' ],
63 silly audit   '@unrs/resolver-binding-linux-x64-musl': [ '1.11.1' ],
63 silly audit   '@unrs/resolver-binding-wasm32-wasi': [ '1.11.1' ],
63 silly audit   '@unrs/resolver-binding-win32-arm64-msvc': [ '1.11.1' ],
63 silly audit   '@unrs/resolver-binding-win32-ia32-msvc': [ '1.11.1' ],
63 silly audit   '@unrs/resolver-binding-win32-x64-msvc': [ '1.11.1' ],
63 silly audit   acorn: [ '8.15.0' ],
63 silly audit   'acorn-jsx': [ '5.3.2' ],
63 silly audit   ajv: [ '6.12.6' ],
63 silly audit   'ansi-styles': [ '4.3.0' ],
63 silly audit   argparse: [ '2.0.1' ],
63 silly audit   'aria-hidden': [ '1.2.6' ],
63 silly audit   'aria-query': [ '5.3.2' ],
63 silly audit   'array-buffer-byte-length': [ '1.0.2' ],
63 silly audit   'array-includes': [ '3.1.9' ],
63 silly audit   'array.prototype.findlast': [ '1.2.5' ],
63 silly audit   'array.prototype.findlastindex': [ '1.2.6' ],
63 silly audit   'array.prototype.flat': [ '1.3.3' ],
63 silly audit   'array.prototype.flatmap': [ '1.3.3' ],
63 silly audit   'array.prototype.tosorted': [ '1.1.4' ],
63 silly audit   'arraybuffer.prototype.slice': [ '1.0.4' ],
63 silly audit   'ast-types-flow': [ '0.0.8' ],
63 silly audit   'async-function': [ '1.0.0' ],
63 silly audit   'available-typed-arrays': [ '1.0.7' ],
63 silly audit   'axe-core': [ '4.11.0' ],
63 silly audit   'axobject-query': [ '4.1.0' ],
63 silly audit   'balanced-match': [ '1.0.2' ],
63 silly audit   braces: [ '3.0.3' ],
63 silly audit   'call-bind': [ '1.0.8' ],
63 silly audit   'call-bind-apply-helpers': [ '1.0.2' ],
63 silly audit   'call-bound': [ '1.0.4' ],
63 silly audit   callsites: [ '3.1.0' ],
63 silly audit   'caniuse-lite': [ '1.0.30001760' ],
63 silly audit   chalk: [ '4.1.2' ],
63 silly audit   'class-variance-authority': [ '0.7.1' ],
63 silly audit   'client-only': [ '0.0.1' ],
63 silly audit   clsx: [ '2.1.1' ],
63 silly audit   'color-convert': [ '2.0.1' ],
63 silly audit   'color-name': [ '1.1.4' ],
63 silly audit   'concat-map': [ '0.0.1' ],
63 silly audit   'cross-spawn': [ '7.0.6' ],
63 silly audit   csstype: [ '3.2.3' ],
63 silly audit   'damerau-levenshtein': [ '1.0.8' ],
63 silly audit   'data-view-buffer': [ '1.0.2' ],
63 silly audit   'data-view-byte-length': [ '1.0.2' ],
63 silly audit   'data-view-byte-offset': [ '1.0.1' ],
63 silly audit   debug: [ '4.4.3', '3.2.7' ],
63 silly audit   'deep-is': [ '0.1.4' ],
63 silly audit   'define-data-property': [ '1.1.4' ],
63 silly audit   'define-properties': [ '1.2.1' ],
63 silly audit   'detect-libc': [ '2.1.2' ],
63 silly audit   'detect-node-es': [ '1.1.0' ],
63 silly audit   doctrine: [ '2.1.0' ],
63 silly audit   'dunder-proto': [ '1.0.1' ],
63 silly audit   'emoji-regex': [ '9.2.2' ],
63 silly audit   'enhanced-resolve': [ '5.18.4' ],
63 silly audit   'es-abstract': [ '1.24.0' ],
63 silly audit   'es-define-property': [ '1.0.1' ],
63 silly audit   'es-errors': [ '1.3.0' ],
63 silly audit   'es-iterator-helpers': [ '1.2.1' ],
63 silly audit   'es-object-atoms': [ '1.1.1' ],
63 silly audit   'es-set-tostringtag': [ '2.1.0' ],
63 silly audit   'es-shim-unscopables': [ '1.1.0' ],
63 silly audit   'es-to-primitive': [ '1.3.0' ],
63 silly audit   'escape-string-regexp': [ '4.0.0' ],
63 silly audit   eslint: [ '9.39.1' ],
63 silly audit   'eslint-config-next': [ '15.2.1' ],
63 silly audit   'eslint-import-resolver-node': [ '0.3.9' ],
63 silly audit   'eslint-import-resolver-typescript': [ '3.10.1' ],
63 silly audit   'eslint-module-utils': [ '2.12.1' ],
63 silly audit   'eslint-plugin-import': [ '2.32.0' ],
63 silly audit   semver: [ '6.3.1', '7.7.3' ],
63 silly audit   'eslint-plugin-jsx-a11y': [ '6.10.2' ],
63 silly audit   'eslint-plugin-react': [ '7.37.5' ],
63 silly audit   'eslint-plugin-react-hooks': [ '5.2.0' ],
63 silly audit   resolve: [ '2.0.0-next.5', '1.22.11' ],
63 silly audit   'eslint-scope': [ '8.4.0' ],
63 silly audit   espree: [ '10.4.0' ],
63 silly audit   esquery: [ '1.6.0' ],
63 silly audit   esrecurse: [ '4.3.0' ],
63 silly audit   estraverse: [ '5.3.0' ],
63 silly audit   esutils: [ '2.0.3' ],
63 silly audit   'fast-deep-equal': [ '3.1.3' ],
63 silly audit   'fast-glob': [ '3.3.1' ],
63 silly audit   'glob-parent': [ '5.1.2', '6.0.2' ],
63 silly audit   'fast-json-stable-stringify': [ '2.1.0' ],
63 silly audit   'fast-levenshtein': [ '2.0.6' ],
63 silly audit   fastq: [ '1.19.1' ],
63 silly audit   'file-entry-cache': [ '8.0.0' ],
63 silly audit   'fill-range': [ '7.1.1' ],
63 silly audit   'find-up': [ '5.0.0' ],
63 silly audit   'flat-cache': [ '4.0.1' ],
63 silly audit   flatted: [ '3.3.3' ],
63 silly audit   'for-each': [ '0.3.5' ],
63 silly audit   'function-bind': [ '1.1.2' ],
63 silly audit   'function.prototype.name': [ '1.1.8' ],
63 silly audit   'functions-have-names': [ '1.2.3' ],
63 silly audit   'generator-function': [ '2.0.1' ],
63 silly audit   'get-intrinsic': [ '1.3.0' ],
63 silly audit   'get-nonce': [ '1.0.1' ],
63 silly audit   'get-proto': [ '1.0.1' ],
63 silly audit   'get-symbol-description': [ '1.1.0' ],
63 silly audit   'get-tsconfig': [ '4.13.0' ],
63 silly audit   globals: [ '14.0.0' ],
63 silly audit   globalthis: [ '1.0.4' ],
63 silly audit   gopd: [ '1.2.0' ],
63 silly audit   'graceful-fs': [ '4.2.11' ],
63 silly audit   'has-bigints': [ '1.1.0' ],
63 silly audit   'has-flag': [ '4.0.0' ],
63 silly audit   'has-property-descriptors': [ '1.0.2' ],
63 silly audit   'has-proto': [ '1.2.0' ],
63 silly audit   'has-symbols': [ '1.1.0' ],
63 silly audit   'has-tostringtag': [ '1.0.2' ],
63 silly audit   hasown: [ '2.0.2' ],
63 silly audit   'import-fresh': [ '3.3.1' ],
63 silly audit   imurmurhash: [ '0.1.4' ],
63 silly audit   'internal-slot': [ '1.1.0' ],
63 silly audit   'is-array-buffer': [ '3.0.5' ],
63 silly audit   'is-async-function': [ '2.1.1' ],
63 silly audit   'is-bigint': [ '1.1.0' ],
63 silly audit   'is-boolean-object': [ '1.2.2' ],
63 silly audit   'is-bun-module': [ '2.0.0' ],
63 silly audit   'is-callable': [ '1.2.7' ],
63 silly audit   'is-core-module': [ '2.16.1' ],
63 silly audit   'is-data-view': [ '1.0.2' ],
63 silly audit   'is-date-object': [ '1.1.0' ],
63 silly audit   'is-extglob': [ '2.1.1' ],
63 silly audit   'is-finalizationregistry': [ '1.1.1' ],
63 silly audit   'is-generator-function': [ '1.1.2' ],
63 silly audit   'is-glob': [ '4.0.3' ],
63 silly audit   'is-map': [ '2.0.3' ],
63 silly audit   'is-negative-zero': [ '2.0.3' ],
63 silly audit   'is-number': [ '7.0.0' ],
63 silly audit   'is-number-object': [ '1.1.1' ],
63 silly audit   'is-regex': [ '1.2.1' ],
63 silly audit   'is-set': [ '2.0.3' ],
63 silly audit   'is-shared-array-buffer': [ '1.0.4' ],
63 silly audit   'is-string': [ '1.1.1' ],
63 silly audit   'is-symbol': [ '1.1.1' ],
63 silly audit   'is-typed-array': [ '1.1.15' ],
63 silly audit   'is-weakmap': [ '2.0.2' ],
63 silly audit   'is-weakref': [ '1.1.1' ],
63 silly audit   'is-weakset': [ '2.0.4' ],
63 silly audit   isarray: [ '2.0.5' ],
63 silly audit   isexe: [ '2.0.0' ],
63 silly audit   'iterator.prototype': [ '1.1.5' ],
63 silly audit   jiti: [ '2.6.1' ],
63 silly audit   'js-tokens': [ '4.0.0' ],
63 silly audit   'js-yaml': [ '4.1.1' ],
63 silly audit   'json-buffer': [ '3.0.1' ],
63 silly audit   'json-schema-traverse': [ '0.4.1' ],
63 silly audit   'json-stable-stringify-without-jsonify': [ '1.0.1' ],
63 silly audit   json5: [ '1.0.2' ],
63 silly audit   'jsx-ast-utils': [ '3.3.5' ],
63 silly audit   keyv: [ '4.5.4' ],
63 silly audit   'language-subtag-registry': [ '0.3.23' ],
63 silly audit   'language-tags': [ '1.0.9' ],
63 silly audit   levn: [ '0.4.1' ],
63 silly audit   lightningcss: [ '1.30.2' ],
63 silly audit   'lightningcss-android-arm64': [ '1.30.2' ],
63 silly audit   'lightningcss-darwin-arm64': [ '1.30.2' ],
63 silly audit   'lightningcss-darwin-x64': [ '1.30.2' ],
63 silly audit   'lightningcss-freebsd-x64': [ '1.30.2' ],
63 silly audit   'lightningcss-linux-arm-gnueabihf': [ '1.30.2' ],
63 silly audit   'lightningcss-linux-arm64-gnu': [ '1.30.2' ],
63 silly audit   'lightningcss-linux-arm64-musl': [ '1.30.2' ],
63 silly audit   'lightningcss-linux-x64-gnu': [ '1.30.2' ],
63 silly audit   'lightningcss-linux-x64-musl': [ '1.30.2' ],
63 silly audit   'lightningcss-win32-arm64-msvc': [ '1.30.2' ],
63 silly audit   'lightningcss-win32-x64-msvc': [ '1.30.2' ],
63 silly audit   'locate-path': [ '6.0.0' ],
63 silly audit   'lodash.merge': [ '4.6.2' ],
63 silly audit   'loose-envify': [ '1.4.0' ],
63 silly audit   'lucide-react': [ '0.544.0' ],
63 silly audit   'magic-string': [ '0.30.21' ],
63 silly audit   'math-intrinsics': [ '1.1.0' ],
63 silly audit   merge2: [ '1.4.1' ],
63 silly audit   micromatch: [ '4.0.8' ],
63 silly audit   minimist: [ '1.2.8' ],
63 silly audit   ms: [ '2.1.3' ],
63 silly audit   nanoid: [ '3.3.11' ],
63 silly audit   'napi-postinstall': [ '0.3.4' ],
63 silly audit   'natural-compare': [ '1.4.0' ],
63 silly audit   next: [ '16.0.9' ],
63 silly audit   postcss: [ '8.4.31', '8.5.6' ],
63 silly audit   'object-assign': [ '4.1.1' ],
63 silly audit   'object-inspect': [ '1.13.4' ],
63 silly audit   'object-keys': [ '1.1.1' ],
63 silly audit   'object.assign': [ '4.1.7' ],
63 silly audit   'object.entries': [ '1.1.9' ],
63 silly audit   'object.fromentries': [ '2.0.8' ],
63 silly audit   'object.groupby': [ '1.0.3' ],
63 silly audit   'object.values': [ '1.2.1' ],
63 silly audit   optionator: [ '0.9.4' ],
63 silly audit   'own-keys': [ '1.0.1' ],
63 silly audit   'p-limit': [ '3.1.0' ],
63 silly audit   'p-locate': [ '5.0.0' ],
63 silly audit   'parent-module': [ '1.0.1' ],
63 silly audit   'path-exists': [ '4.0.0' ],
63 silly audit   'path-key': [ '3.1.1' ],
63 silly audit   'path-parse': [ '1.0.7' ],
63 silly audit   picocolors: [ '1.1.1' ],
63 silly audit   picomatch: [ '2.3.1', '4.0.3' ],
63 silly audit   'possible-typed-array-names': [ '1.1.0' ],
63 silly audit   'prelude-ls': [ '1.2.1' ],
63 silly audit   'prop-types': [ '15.8.1' ],
63 silly audit   punycode: [ '2.3.1' ],
63 silly audit   'queue-microtask': [ '1.2.3' ],
63 silly audit   react: [ '19.2.2' ],
63 silly audit   'react-dom': [ '19.2.2' ],
63 silly audit   'react-is': [ '16.13.1' ],
63 silly audit   'react-remove-scroll': [ '2.7.2' ],
63 silly audit   'react-remove-scroll-bar': [ '2.3.8' ],
63 silly audit   'react-style-singleton': [ '2.2.3' ],
63 silly audit   'reflect.getprototypeof': [ '1.0.10' ],
63 silly audit   'regexp.prototype.flags': [ '1.5.4' ],
63 silly audit   'resolve-from': [ '4.0.0' ],
63 silly audit   'resolve-pkg-maps': [ '1.0.0' ],
63 silly audit   reusify: [ '1.1.0' ],
63 silly audit   'run-parallel': [ '1.2.0' ],
63 silly audit   'safe-array-concat': [ '1.1.3' ],
63 silly audit   'safe-push-apply': [ '1.0.0' ],
63 silly audit   'safe-regex-test': [ '1.1.0' ],
63 silly audit   scheduler: [ '0.27.0' ],
63 silly audit   'set-function-length': [ '1.2.2' ],
63 silly audit   'set-function-name': [ '2.0.2' ],
63 silly audit   'set-proto': [ '1.0.0' ],
63 silly audit   sharp: [ '0.34.5' ],
63 silly audit   'shebang-command': [ '2.0.0' ],
63 silly audit   'shebang-regex': [ '3.0.0' ],
63 silly audit   'side-channel': [ '1.1.0' ],
63 silly audit   'side-channel-list': [ '1.0.0' ],
63 silly audit   'side-channel-map': [ '1.0.1' ],
63 silly audit   'side-channel-weakmap': [ '1.0.2' ],
63 silly audit   'source-map-js': [ '1.2.1' ],
63 silly audit   'stable-hash': [ '0.0.5' ],
63 silly audit   'stop-iteration-iterator': [ '1.1.0' ],
63 silly audit   'string.prototype.includes': [ '2.0.1' ],
63 silly audit   'string.prototype.matchall': [ '4.0.12' ],
63 silly audit   'string.prototype.repeat': [ '1.0.0' ],
63 silly audit   'string.prototype.trim': [ '1.2.10' ],
63 silly audit   'string.prototype.trimend': [ '1.0.9' ],
63 silly audit   'string.prototype.trimstart': [ '1.0.8' ],
63 silly audit   'strip-bom': [ '3.0.0' ],
63 silly audit   'strip-json-comments': [ '3.1.1' ],
63 silly audit   'styled-jsx': [ '5.1.6' ],
63 silly audit   'supports-color': [ '7.2.0' ],
63 silly audit   'supports-preserve-symlinks-flag': [ '1.0.0' ],
63 silly audit   'tailwind-merge': [ '3.4.0' ],
63 silly audit   tailwindcss: [ '4.1.18' ],
63 silly audit   'tailwindcss-animate': [ '1.0.7' ],
63 silly audit   tapable: [ '2.3.0' ],
63 silly audit   tinyglobby: [ '0.2.15' ],
63 silly audit   fdir: [ '6.5.0' ],
63 silly audit   'to-regex-range': [ '5.0.1' ],
63 silly audit   'ts-api-utils': [ '2.1.0' ],
63 silly audit   'tsconfig-paths': [ '3.15.0' ],
63 silly audit   tslib: [ '2.8.1' ],
63 silly audit   'type-check': [ '0.4.0' ],
63 silly audit   'typed-array-buffer': [ '1.0.3' ],
63 silly audit   'typed-array-byte-length': [ '1.0.3' ],
63 silly audit   'typed-array-byte-offset': [ '1.0.4' ],
63 silly audit   'typed-array-length': [ '1.0.7' ],
63 silly audit   typescript: [ '5.9.3' ],
63 silly audit   'unbox-primitive': [ '1.1.0' ],
63 silly audit   'undici-types': [ '7.16.0' ],
63 silly audit   'unrs-resolver': [ '1.11.1' ],
63 silly audit   'uri-js': [ '4.4.1' ],
63 silly audit   'use-callback-ref': [ '1.3.3' ],
63 silly audit   'use-sidecar': [ '1.1.3' ],
63 silly audit   which: [ '2.0.2' ],
63 silly audit   'which-boxed-primitive': [ '1.1.1' ],
63 silly audit   'which-builtin-type': [ '1.2.1' ],
63 silly audit   'which-collection': [ '1.0.2' ],
63 silly audit   'which-typed-array': [ '1.1.19' ],
63 silly audit   'word-wrap': [ '1.2.5' ],
63 silly audit   'yocto-queue': [ '0.1.0' ]
63 silly audit }
64 http cache @typescript-eslint/visitor-keys@https://registry.npmjs.org/@typescript-eslint/visitor-keys/-/visitor-keys-8.49.0.tgz 1ms (cache hit)
65 http cache @typescript-eslint/utils@https://registry.npmjs.org/@typescript-eslint/utils/-/utils-8.49.0.tgz 0ms (cache hit)
66 http cache @typescript-eslint/typescript-estree@https://registry.npmjs.org/@typescript-eslint/typescript-estree/-/typescript-estree-8.49.0.tgz 0ms (cache hit)
67 http cache @typescript-eslint/types@https://registry.npmjs.org/@typescript-eslint/types/-/types-8.49.0.tgz 0ms (cache hit)
68 http cache @typescript-eslint/type-utils@https://registry.npmjs.org/@typescript-eslint/type-utils/-/type-utils-8.49.0.tgz 0ms (cache hit)
69 http cache @typescript-eslint/scope-manager@https://registry.npmjs.org/@typescript-eslint/scope-manager/-/scope-manager-8.49.0.tgz 0ms (cache hit)
70 http cache @typescript-eslint/tsconfig-utils@https://registry.npmjs.org/@typescript-eslint/tsconfig-utils/-/tsconfig-utils-8.49.0.tgz 0ms (cache hit)
71 http cache @types/node@https://registry.npmjs.org/@types/node/-/node-25.0.0.tgz 0ms (cache hit)
72 http cache @tailwindcss/postcss@https://registry.npmjs.org/@tailwindcss/postcss/-/postcss-4.1.18.tgz 0ms (cache hit)
73 http cache @typescript-eslint/project-service@https://registry.npmjs.org/@typescript-eslint/project-service/-/project-service-8.49.0.tgz 0ms (cache hit)
74 http cache @typescript-eslint/eslint-plugin@https://registry.npmjs.org/@typescript-eslint/eslint-plugin/-/eslint-plugin-8.49.0.tgz 0ms (cache hit)
75 http cache @typescript-eslint/parser@https://registry.npmjs.org/@typescript-eslint/parser/-/parser-8.49.0.tgz 0ms (cache hit)
76 http cache @img/colour@https://registry.npmjs.org/@img/colour/-/colour-1.0.0.tgz 0ms (cache hit)
77 http cache @img/sharp-win32-x64@https://registry.npmjs.org/@img/sharp-win32-x64/-/sharp-win32-x64-0.34.5.tgz 0ms (cache hit)
78 http cache @radix-ui/react-separator@https://registry.npmjs.org/@radix-ui/react-separator/-/react-separator-1.1.8.tgz 0ms (cache hit)
79 http cache @next/swc-win32-x64-msvc@https://registry.npmjs.org/@next/swc-win32-x64-msvc/-/swc-win32-x64-msvc-16.0.9.tgz 0ms (cache hit)
80 http cache @next/env@https://registry.npmjs.org/@next/env/-/env-16.0.9.tgz 0ms (cache hit)
81 http cache @emnapi/runtime@https://registry.npmjs.org/@emnapi/runtime/-/runtime-1.7.1.tgz 0ms (cache hit)
82 http cache @eslint/plugin-kit@https://registry.npmjs.org/@eslint/plugin-kit/-/plugin-kit-0.4.1.tgz 0ms (cache hit)
83 http cache @next/eslint-plugin-next@https://registry.npmjs.org/@next/eslint-plugin-next/-/eslint-plugin-next-15.2.1.tgz 1ms (cache hit)
84 http cache @emnapi/core@https://registry.npmjs.org/@emnapi/core/-/core-1.7.1.tgz 0ms (cache hit)
85 http cache @eslint/js@https://registry.npmjs.org/@eslint/js/-/js-9.39.1.tgz 0ms (cache hit)
86 http cache which@https://registry.npmjs.org/which/-/which-2.0.2.tgz 0ms (cache hit)
87 http cache typescript@https://registry.npmjs.org/typescript/-/typescript-5.9.3.tgz 0ms (cache hit)
88 http cache @eslint/eslintrc@https://registry.npmjs.org/@eslint/eslintrc/-/eslintrc-3.3.3.tgz 0ms (cache hit)
89 http cache @eslint/config-helpers@https://registry.npmjs.org/@eslint/config-helpers/-/config-helpers-0.4.2.tgz 0ms (cache hit)
90 http cache sharp@https://registry.npmjs.org/sharp/-/sharp-0.34.5.tgz 0ms (cache hit)
91 http cache @eslint/core@https://registry.npmjs.org/@eslint/core/-/core-0.17.0.tgz 0ms (cache hit)
92 http cache resolve@https://registry.npmjs.org/resolve/-/resolve-1.22.11.tgz 0ms (cache hit)
93 http cache react-remove-scroll@https://registry.npmjs.org/react-remove-scroll/-/react-remove-scroll-2.7.2.tgz 0ms (cache hit)
94 http cache semver@https://registry.npmjs.org/semver/-/semver-7.7.3.tgz 0ms (cache hit)
95 http cache react-dom@https://registry.npmjs.org/react-dom/-/react-dom-19.2.2.tgz 0ms (cache hit)
96 http cache react@https://registry.npmjs.org/react/-/react-19.2.2.tgz 0ms (cache hit)
97 http cache next@https://registry.npmjs.org/next/-/next-16.0.9.tgz 0ms (cache hit)
98 http cache napi-postinstall@https://registry.npmjs.org/napi-postinstall/-/napi-postinstall-0.3.4.tgz 0ms (cache hit)
99 http cache nanoid@https://registry.npmjs.org/nanoid/-/nanoid-3.3.11.tgz 0ms (cache hit)
100 http cache loose-envify@https://registry.npmjs.org/loose-envify/-/loose-envify-1.4.0.tgz 0ms (cache hit)
101 http cache json5@https://registry.npmjs.org/json5/-/json5-1.0.2.tgz 0ms (cache hit)
102 http cache get-tsconfig@https://registry.npmjs.org/get-tsconfig/-/get-tsconfig-4.13.0.tgz 0ms (cache hit)
103 http cache js-yaml@https://registry.npmjs.org/js-yaml/-/js-yaml-4.1.1.tgz 0ms (cache hit)
104 http cache eslint-config-next@https://registry.npmjs.org/eslint-config-next/-/eslint-config-next-15.2.1.tgz 0ms (cache hit)
105 http cache jiti@https://registry.npmjs.org/jiti/-/jiti-2.6.1.tgz 0ms (cache hit)
106 http cache eslint@https://registry.npmjs.org/eslint/-/eslint-9.39.1.tgz 0ms (cache hit)
107 http cache resolve@https://registry.npmjs.org/resolve/-/resolve-2.0.0-next.5.tgz 0ms (cache hit)
108 http cache semver@https://registry.npmjs.org/semver/-/semver-6.3.1.tgz 0ms (cache hit)
109 http cache semver@https://registry.npmjs.org/semver/-/semver-6.3.1.tgz 0ms (cache hit)
110 http cache acorn@https://registry.npmjs.org/acorn/-/acorn-8.15.0.tgz 0ms (cache hit)
111 http cache caniuse-lite@https://registry.npmjs.org/caniuse-lite/-/caniuse-lite-1.0.30001760.tgz 0ms (cache hit)
112 http cache ignore@https://registry.npmjs.org/ignore/-/ignore-7.0.5.tgz 0ms (cache hit)
113 http cache postcss@https://registry.npmjs.org/postcss/-/postcss-8.4.31.tgz 0ms (cache hit)
114 silly tarball no local data for @typescript-eslint/visitor-keys@https://registry.npmjs.org/@typescript-eslint/visitor-keys/-/visitor-keys-8.49.0.tgz. Extracting by manifest.
115 silly tarball no local data for @typescript-eslint/utils@https://registry.npmjs.org/@typescript-eslint/utils/-/utils-8.49.0.tgz. Extracting by manifest.
116 http cache brace-expansion@https://registry.npmjs.org/brace-expansion/-/brace-expansion-2.0.2.tgz 0ms (cache hit)
117 silly tarball no local data for @typescript-eslint/typescript-estree@https://registry.npmjs.org/@typescript-eslint/typescript-estree/-/typescript-estree-8.49.0.tgz. Extracting by manifest.
118 silly tarball no local data for @typescript-eslint/types@https://registry.npmjs.org/@typescript-eslint/types/-/types-8.49.0.tgz. Extracting by manifest.
119 silly tarball no local data for @typescript-eslint/type-utils@https://registry.npmjs.org/@typescript-eslint/type-utils/-/type-utils-8.49.0.tgz. Extracting by manifest.
120 silly tarball no local data for @typescript-eslint/scope-manager@https://registry.npmjs.org/@typescript-eslint/scope-manager/-/scope-manager-8.49.0.tgz. Extracting by manifest.
121 silly tarball no local data for @typescript-eslint/tsconfig-utils@https://registry.npmjs.org/@typescript-eslint/tsconfig-utils/-/tsconfig-utils-8.49.0.tgz. Extracting by manifest.
122 silly tarball no local data for @types/node@https://registry.npmjs.org/@types/node/-/node-25.0.0.tgz. Extracting by manifest.
123 silly tarball no local data for @tailwindcss/postcss@https://registry.npmjs.org/@tailwindcss/postcss/-/postcss-4.1.18.tgz. Extracting by manifest.
124 silly tarball no local data for @typescript-eslint/project-service@https://registry.npmjs.org/@typescript-eslint/project-service/-/project-service-8.49.0.tgz. Extracting by manifest.
125 silly tarball no local data for @typescript-eslint/eslint-plugin@https://registry.npmjs.org/@typescript-eslint/eslint-plugin/-/eslint-plugin-8.49.0.tgz. Extracting by manifest.
126 silly tarball no local data for @typescript-eslint/parser@https://registry.npmjs.org/@typescript-eslint/parser/-/parser-8.49.0.tgz. Extracting by manifest.
127 http cache minimatch@https://registry.npmjs.org/minimatch/-/minimatch-9.0.5.tgz 0ms (cache hit)
128 silly tarball no local data for @img/colour@https://registry.npmjs.org/@img/colour/-/colour-1.0.0.tgz. Extracting by manifest.
129 silly tarball no local data for @img/sharp-win32-x64@https://registry.npmjs.org/@img/sharp-win32-x64/-/sharp-win32-x64-0.34.5.tgz. Extracting by manifest.
130 silly tarball no local data for @radix-ui/react-separator@https://registry.npmjs.org/@radix-ui/react-separator/-/react-separator-1.1.8.tgz. Extracting by manifest.
131 silly tarball no local data for @next/swc-win32-x64-msvc@https://registry.npmjs.org/@next/swc-win32-x64-msvc/-/swc-win32-x64-msvc-16.0.9.tgz. Extracting by manifest.
132 silly tarball no local data for @next/env@https://registry.npmjs.org/@next/env/-/env-16.0.9.tgz. Extracting by manifest.
133 silly tarball no local data for @emnapi/runtime@https://registry.npmjs.org/@emnapi/runtime/-/runtime-1.7.1.tgz. Extracting by manifest.
134 silly tarball no local data for @eslint/plugin-kit@https://registry.npmjs.org/@eslint/plugin-kit/-/plugin-kit-0.4.1.tgz. Extracting by manifest.
135 silly tarball no local data for @next/eslint-plugin-next@https://registry.npmjs.org/@next/eslint-plugin-next/-/eslint-plugin-next-15.2.1.tgz. Extracting by manifest.
136 silly tarball no local data for @emnapi/core@https://registry.npmjs.org/@emnapi/core/-/core-1.7.1.tgz. Extracting by manifest.
137 silly tarball no local data for @eslint/js@https://registry.npmjs.org/@eslint/js/-/js-9.39.1.tgz. Extracting by manifest.
138 silly tarball no local data for which@https://registry.npmjs.org/which/-/which-2.0.2.tgz. Extracting by manifest.
139 silly tarball no local data for typescript@https://registry.npmjs.org/typescript/-/typescript-5.9.3.tgz. Extracting by manifest.
140 silly tarball no local data for @eslint/eslintrc@https://registry.npmjs.org/@eslint/eslintrc/-/eslintrc-3.3.3.tgz. Extracting by manifest.
141 http cache @radix-ui/react-primitive@https://registry.npmjs.org/@radix-ui/react-primitive/-/react-primitive-2.1.4.tgz 0ms (cache hit)
142 silly tarball no local data for @eslint/config-helpers@https://registry.npmjs.org/@eslint/config-helpers/-/config-helpers-0.4.2.tgz. Extracting by manifest.
143 silly tarball no local data for sharp@https://registry.npmjs.org/sharp/-/sharp-0.34.5.tgz. Extracting by manifest.
144 silly tarball no local data for @eslint/core@https://registry.npmjs.org/@eslint/core/-/core-0.17.0.tgz. Extracting by manifest.
145 silly tarball no local data for resolve@https://registry.npmjs.org/resolve/-/resolve-1.22.11.tgz. Extracting by manifest.
146 silly tarball no local data for react-remove-scroll@https://registry.npmjs.org/react-remove-scroll/-/react-remove-scroll-2.7.2.tgz. Extracting by manifest.
147 silly tarball no local data for semver@https://registry.npmjs.org/semver/-/semver-7.7.3.tgz. Extracting by manifest.
148 silly tarball no local data for react-dom@https://registry.npmjs.org/react-dom/-/react-dom-19.2.2.tgz. Extracting by manifest.
149 silly tarball no local data for react@https://registry.npmjs.org/react/-/react-19.2.2.tgz. Extracting by manifest.
150 silly tarball no local data for next@https://registry.npmjs.org/next/-/next-16.0.9.tgz. Extracting by manifest.
151 silly tarball no local data for napi-postinstall@https://registry.npmjs.org/napi-postinstall/-/napi-postinstall-0.3.4.tgz. Extracting by manifest.
152 silly tarball no local data for nanoid@https://registry.npmjs.org/nanoid/-/nanoid-3.3.11.tgz. Extracting by manifest.
153 silly tarball no local data for loose-envify@https://registry.npmjs.org/loose-envify/-/loose-envify-1.4.0.tgz. Extracting by manifest.
154 silly tarball no local data for json5@https://registry.npmjs.org/json5/-/json5-1.0.2.tgz. Extracting by manifest.
155 silly tarball no local data for get-tsconfig@https://registry.npmjs.org/get-tsconfig/-/get-tsconfig-4.13.0.tgz. Extracting by manifest.
156 silly tarball no local data for js-yaml@https://registry.npmjs.org/js-yaml/-/js-yaml-4.1.1.tgz. Extracting by manifest.
157 silly tarball no local data for eslint-config-next@https://registry.npmjs.org/eslint-config-next/-/eslint-config-next-15.2.1.tgz. Extracting by manifest.
158 silly tarball no local data for jiti@https://registry.npmjs.org/jiti/-/jiti-2.6.1.tgz. Extracting by manifest.
159 silly tarball no local data for eslint@https://registry.npmjs.org/eslint/-/eslint-9.39.1.tgz. Extracting by manifest.
160 silly tarball no local data for resolve@https://registry.npmjs.org/resolve/-/resolve-2.0.0-next.5.tgz. Extracting by manifest.
161 silly tarball no local data for semver@https://registry.npmjs.org/semver/-/semver-6.3.1.tgz. Extracting by manifest.
162 silly tarball no local data for semver@https://registry.npmjs.org/semver/-/semver-6.3.1.tgz. Extracting by manifest.
163 silly tarball no local data for acorn@https://registry.npmjs.org/acorn/-/acorn-8.15.0.tgz. Extracting by manifest.
164 silly tarball no local data for caniuse-lite@https://registry.npmjs.org/caniuse-lite/-/caniuse-lite-1.0.30001760.tgz. Extracting by manifest.
165 silly tarball no local data for ignore@https://registry.npmjs.org/ignore/-/ignore-7.0.5.tgz. Extracting by manifest.
166 silly tarball no local data for postcss@https://registry.npmjs.org/postcss/-/postcss-8.4.31.tgz. Extracting by manifest.
167 silly tarball no local data for brace-expansion@https://registry.npmjs.org/brace-expansion/-/brace-expansion-2.0.2.tgz. Extracting by manifest.
168 silly tarball no local data for minimatch@https://registry.npmjs.org/minimatch/-/minimatch-9.0.5.tgz. Extracting by manifest.
169 silly tarball no local data for @radix-ui/react-primitive@https://registry.npmjs.org/@radix-ui/react-primitive/-/react-primitive-2.1.4.tgz. Extracting by manifest.
170 http fetch GET 200 https://registry.npmjs.org/@typescript-eslint/visitor-keys/-/visitor-keys-8.49.0.tgz 1621ms (cache miss)
171 http fetch GET 200 https://registry.npmjs.org/@typescript-eslint/tsconfig-utils/-/tsconfig-utils-8.49.0.tgz 1616ms (cache miss)
172 http fetch GET 200 https://registry.npmjs.org/@typescript-eslint/project-service/-/project-service-8.49.0.tgz 1625ms (cache miss)
173 http fetch GET 200 https://registry.npmjs.org/@img/colour/-/colour-1.0.0.tgz 1643ms (cache miss)
174 http fetch GET 200 https://registry.npmjs.org/@typescript-eslint/parser/-/parser-8.49.0.tgz 1648ms (cache miss)
175 http fetch GET 200 https://registry.npmjs.org/@typescript-eslint/types/-/types-8.49.0.tgz 1751ms (cache miss)
176 http fetch GET 200 https://registry.npmjs.org/@typescript-eslint/type-utils/-/type-utils-8.49.0.tgz 1776ms (cache miss)
177 http fetch GET 200 https://registry.npmjs.org/@typescript-eslint/utils/-/utils-8.49.0.tgz 2087ms (cache miss)
178 http fetch GET 200 https://registry.npmjs.org/@radix-ui/react-separator/-/react-separator-1.1.8.tgz 2206ms (cache miss)
179 http fetch POST 200 https://registry.npmjs.org/-/npm/v1/security/advisories/bulk 2475ms
180 silly audit report {
180 silly audit report   'brace-expansion': [
180 silly audit report     {
180 silly audit report       id: 1115540,
180 silly audit report       url: 'https://github.com/advisories/GHSA-f886-m6hf-6m8v',
180 silly audit report       title: 'brace-expansion: Zero-step sequence causes process hang and memory exhaustion',
180 silly audit report       severity: 'moderate',
180 silly audit report       vulnerable_versions: '<1.1.13',
180 silly audit report       cwe: [Array],
180 silly audit report       cvss: [Object]
180 silly audit report     },
180 silly audit report     {
180 silly audit report       id: 1115541,
180 silly audit report       url: 'https://github.com/advisories/GHSA-f886-m6hf-6m8v',
180 silly audit report       title: 'brace-expansion: Zero-step sequence causes process hang and memory exhaustion',
180 silly audit report       severity: 'moderate',
180 silly audit report       vulnerable_versions: '>=2.0.0 <2.0.3',
180 silly audit report       cwe: [Array],
180 silly audit report       cvss: [Object]
180 silly audit report     }
180 silly audit report   ],
180 silly audit report   minimatch: [
180 silly audit report     {
180 silly audit report       id: 1113459,
180 silly audit report       url: 'https://github.com/advisories/GHSA-3ppc-4f35-3m26',
180 silly audit report       title: 'minimatch has a ReDoS via repeated wildcards with non-matching literal in pattern',
180 silly audit report       severity: 'high',
180 silly audit report       vulnerable_versions: '<3.1.3',
180 silly audit report       cwe: [Array],
180 silly audit report       cvss: [Object]
180 silly audit report     },
180 silly audit report     {
180 silly audit report       id: 1113465,
180 silly audit report       url: 'https://github.com/advisories/GHSA-3ppc-4f35-3m26',
180 silly audit report       title: 'minimatch has a ReDoS via repeated wildcards with non-matching literal in pattern',
180 silly audit report       severity: 'high',
180 silly audit report       vulnerable_versions: '>=9.0.0 <9.0.6',
180 silly audit report       cwe: [Array],
180 silly audit report       cvss: [Object]
180 silly audit report     },
180 silly audit report     {
180 silly audit report       id: 1113538,
180 silly audit report       url: 'https://github.com/advisories/GHSA-7r86-cg39-jmmj',
180 silly audit report       title: 'minimatch has ReDoS: matchOne() combinatorial backtracking via multiple non-adjacent GLOBSTAR segments',
180 silly audit report       severity: 'high',
180 silly audit report       vulnerable_versions: '<3.1.3',
180 silly audit report       cwe: [Array],
180 silly audit report       cvss: [Object]
180 silly audit report     },
180 silly audit report     {
180 silly audit report       id: 1113544,
180 silly audit report       url: 'https://github.com/advisories/GHSA-7r86-cg39-jmmj',
180 silly audit report       title: 'minimatch has ReDoS: matchOne() combinatorial backtracking via multiple non-adjacent GLOBSTAR segments',
180 silly audit report       severity: 'high',
180 silly audit report       vulnerable_versions: '>=9.0.0 <9.0.7',
180 silly audit report       cwe: [Array],
180 silly audit report       cvss: [Object]
180 silly audit report     },
180 silly audit report     {
180 silly audit report       id: 1113546,
180 silly audit report       url: 'https://github.com/advisories/GHSA-23c5-xmqv-rm74',
180 silly audit report       title: 'minimatch ReDoS: nested *() extglobs generate catastrophically backtracking regular expressions',
180 silly audit report       severity: 'high',
180 silly audit report       vulnerable_versions: '<3.1.4',
180 silly audit report       cwe: [Array],
180 silly audit report       cvss: [Object]
180 silly audit report     },
180 silly audit report     {
180 silly audit report       id: 1113552,
180 silly audit report       url: 'https://github.com/advisories/GHSA-23c5-xmqv-rm74',
180 silly audit report       title: 'minimatch ReDoS: nested *() extglobs generate catastrophically backtracking regular expressions',
180 silly audit report       severity: 'high',
180 silly audit report       vulnerable_versions: '>=9.0.0 <9.0.7',
180 silly audit report       cwe: [Array],
180 silly audit report       cvss: [Object]
180 silly audit report     }
180 silly audit report   ],
180 silly audit report   ajv: [
180 silly audit report     {
180 silly audit report       id: 1113714,
180 silly audit report       url: 'https://github.com/advisories/GHSA-2g4f-4pwh-qvx6',
180 silly audit report       title: 'ajv has ReDoS when using `$data` option',
180 silly audit report       severity: 'moderate',
180 silly audit report       vulnerable_versions: '<6.14.0',
180 silly audit report       cwe: [Array],
180 silly audit report       cvss: [Object]
180 silly audit report     }
180 silly audit report   ],
180 silly audit report   flatted: [
180 silly audit report     {
180 silly audit report       id: 1114526,
180 silly audit report       url: 'https://github.com/advisories/GHSA-25h7-pfq9-p65f',
180 silly audit report       title: 'flatted vulnerable to unbounded recursion DoS in parse() revive phase',
180 silly audit report       severity: 'high',
180 silly audit report       vulnerable_versions: '<3.4.0',
180 silly audit report       cwe: [Array],
180 silly audit report       cvss: [Object]
180 silly audit report     },
180 silly audit report     {
180 silly audit report       id: 1115357,
180 silly audit report       url: 'https://github.com/advisories/GHSA-rf6f-7fwh-wjgh',
180 silly audit report       title: 'Prototype Pollution via parse() in NodeJS flatted',
180 silly audit report       severity: 'high',
180 silly audit report       vulnerable_versions: '<=3.4.1',
180 silly audit report       cwe: [Array],
180 silly audit report       cvss: [Object]
180 silly audit report     }
180 silly audit report   ],
180 silly audit report   next: [
180 silly audit report     {
180 silly audit report       id: 1117930,
180 silly audit report       url: 'https://github.com/advisories/GHSA-8h8q-6873-q5fj',
180 silly audit report       title: 'Next.js Vulnerable to Denial of Service with Server Components',
180 silly audit report       severity: 'high',
180 silly audit report       vulnerable_versions: '>=16.0.0 <16.2.5',
180 silly audit report       cwe: [Array],
180 silly audit report       cvss: [Object]
180 silly audit report     },
180 silly audit report     {
180 silly audit report       id: 1112174,
180 silly audit report       url: 'https://github.com/advisories/GHSA-5j59-xgg2-r9c4',
180 silly audit report       title: 'Next has a Denial of Service with Server Components - Incomplete Fix Follow-Up',
180 silly audit report       severity: 'high',
180 silly audit report       vulnerable_versions: '>=16.0.9 <16.0.10',
180 silly audit report       cwe: [Array],
180 silly audit report       cvss: [Object]
180 silly audit report     },
180 silly audit report     {
180 silly audit report       id: 1118938,
180 silly audit report       url: 'https://github.com/advisories/GHSA-26hh-7cqf-hhc6',
180 silly audit report       title: 'Next.js has a Middleware / Proxy bypass in App Router applications via segment-prefetch routes - Incomplete Fix Follow-Up',
180 silly audit report       severity: 'high',
180 silly audit report       vulnerable_versions: '>=16.0.0 <16.2.6',
180 silly audit report       cwe: [Array],
180 silly audit report       cvss: [Object]
180 silly audit report     },
180 silly audit report     {
180 silly audit report       id: 1118941,
180 silly audit report       url: 'https://github.com/advisories/GHSA-3g8h-86w9-wvmq',
180 silly audit report       title: "Next.js's Middleware / Proxy redirects can be cache-poisoned",
180 silly audit report       severity: 'low',
180 silly audit report       vulnerable_versions: '>=16.0.0 <16.2.5',
180 silly audit report       cwe: [Array],
180 silly audit report       cvss: [Object]
180 silly audit report     },
180 silly audit report     {
180 silly audit report       id: 1118943,
180 silly audit report       url: 'https://github.com/advisories/GHSA-ffhc-5mcf-pf4q',
180 silly audit report       title: 'Next.js vulnerable to cross-site scripting in App Router applications using CSP nonces',
180 silly audit report       severity: 'moderate',
180 silly audit report       vulnerable_versions: '>=16.0.0 <16.2.5',
180 silly audit report       cwe: [Array],
180 silly audit report       cvss: [Object]
180 silly audit report     },
180 silly audit report     {
180 silly audit report       id: 1118945,
180 silly audit report       url: 'https://github.com/advisories/GHSA-vfv6-92ff-j949',
180 silly audit report       title: 'Next.js vulnerable to cache poisoning via collisions in React Server Component cache-busting',
180 silly audit report       severity: 'low',
180 silly audit report       vulnerable_versions: '>=16.0.0 <16.2.5',
180 silly audit report       cwe: [Array],
180 silly audit report       cvss: [Object]
180 silly audit report     },
180 silly audit report     {
180 silly audit report       id: 1118947,
180 silly audit report       url: 'https://github.com/advisories/GHSA-gx5p-jg67-6x7h',
180 silly audit report       title: 'Next.js has cross-site scripting in beforeInteractive scripts with untrusted input',
180 silly audit report       severity: 'moderate',
180 silly audit report       vulnerable_versions: '>=16.0.0 <16.2.5',
180 silly audit report       cwe: [Array],
180 silly audit report       cvss: [Object]
180 silly audit report     },
180 silly audit report     {
180 silly audit report       id: 1118949,
180 silly audit report       url: 'https://github.com/advisories/GHSA-mg66-mrh9-m8jx',
180 silly audit report       title: 'Next.js vulnerable to Denial of Service via connection exhaustion in applications using Cache Components',
180 silly audit report       severity: 'high',
180 silly audit report       vulnerable_versions: '>=16.0.0 <16.2.5',
180 silly audit report       cwe: [Array],
180 silly audit report       cvss: [Object]
180 silly audit report     },
180 silly audit report     {
180 silly audit report       id: 1118951,
180 silly audit report       url: 'https://github.com/advisories/GHSA-h64f-5h5j-jqjh',
180 silly audit report       title: 'Next.js has a Denial of Service in the Image Optimization API',
180 silly audit report       severity: 'moderate',
180 silly audit report       vulnerable_versions: '>=16.0.0 <16.2.5',
180 silly audit report       cwe: [Array],
180 silly audit report       cvss: [Object]
180 silly audit report     },
180 silly audit report     {
180 silly audit report       id: 1118953,
180 silly audit report       url: 'https://github.com/advisories/GHSA-c4j6-fc7j-m34r',
180 silly audit report       title: 'Next.js vulnerable to server-side request forgery in applications using WebSocket upgrades',
180 silly audit report       severity: 'high',
180 silly audit report       vulnerable_versions: '>=16.0.0 <16.2.5',
180 silly audit report       cwe: [Array],
180 silly audit report       cvss: [Object]
180 silly audit report     },
180 silly audit report     {
180 silly audit report       id: 1118955,
180 silly audit report       url: 'https://github.com/advisories/GHSA-492v-c6pp-mqqv',
180 silly audit report       title: 'Next.js has a Middleware / Proxy bypass through dynamic route parameter injection',
180 silly audit report       severity: 'high',
180 silly audit report       vulnerable_versions: '>=16.0.0 <16.2.5',
180 silly audit report       cwe: [Array],
180 silly audit report       cvss: [Object]
180 silly audit report     },
180 silly audit report     {
180 silly audit report       id: 1118957,
180 silly audit report       url: 'https://github.com/advisories/GHSA-wfc6-r584-vfw7',
180 silly audit report       title: 'Next.js vulnerable to cache poisoning in React Server Component responses',
180 silly audit report       severity: 'moderate',
180 silly audit report       vulnerable_versions: '>=16.0.0 <16.2.5',
180 silly audit report       cwe: [Array],
180 silly audit report       cvss: [Object]
180 silly audit report     },
180 silly audit report     {
180 silly audit report       id: 1118959,
180 silly audit report       url: 'https://github.com/advisories/GHSA-267c-6grr-h53f',
180 silly audit report       title: 'Next.js has a Middleware / Proxy bypass in App Router applications via segment-prefetch routes',
180 silly audit report       severity: 'high',
180 silly audit report       vulnerable_versions: '>=16.0.0 <16.2.5',
180 silly audit report       cwe: [Array],
180 silly audit report       cvss: [Object]
180 silly audit report     },
180 silly audit report     {
180 silly audit report       id: 1118961,
180 silly audit report       url: 'https://github.com/advisories/GHSA-36qx-fr4f-26g5',
180 silly audit report       title: 'Next.js has a Middleware / Proxy bypass in Pages Router applications using i18n',
180 silly audit report       severity: 'high',
180 silly audit report       vulnerable_versions: '>=16.0.0 <16.2.5',
180 silly audit report       cwe: [Array],
180 silly audit report       cvss: [Object]
180 silly audit report     },
180 silly audit report     {
180 silly audit report       id: 1112592,
180 silly audit report       url: 'https://github.com/advisories/GHSA-9g9p-9gw9-jx7f',
180 silly audit report       title: 'Next.js self-hosted applications vulnerable to DoS via Image Optimizer remotePatterns configuration',
180 silly audit report       severity: 'moderate',
180 silly audit report       vulnerable_versions: '>=15.6.0-canary.0 <16.1.5',
180 silly audit report       cwe: [Array],
180 silly audit report       cvss: [Object]
180 silly audit report     },
180 silly audit report     {
180 silly audit report       id: 1112646,
180 silly audit report       url: 'https://github.com/advisories/GHSA-h25m-26qc-wcjf',
180 silly audit report       title: 'Next.js HTTP request deserialization can lead to DoS when using insecure React Server Components',
180 silly audit report       severity: 'high',
180 silly audit report       vulnerable_versions: '>=16.0.0-beta.0 <16.0.11',
180 silly audit report       cwe: [Array],
180 silly audit report       cvss: [Object]
180 silly audit report     },
180 silly audit report     {
180 silly audit report       id: 1114898,
180 silly audit report       url: 'https://github.com/advisories/GHSA-ggv3-7p47-pfv8',
180 silly audit report       title: 'Next.js: HTTP request smuggling in rewrites',
180 silly audit report       severity: 'moderate',
180 silly audit report       vulnerable_versions: '>=16.0.0-beta.0 <16.1.7',
180 silly audit report       cwe: [Array],
180 silly audit report       cvss: [Object]
180 silly audit report     },
180 silly audit report     {
180 silly audit report       id: 1114941,
180 silly audit report       url: 'https://github.com/advisories/GHSA-3x4c-7xq6-9pq8',
180 silly audit report       title: 'Next.js: Unbounded next/image disk cache growth can exhaust storage',
180 silly audit report       severity: 'moderate',
180 silly audit report       vulnerable_versions: '>=16.0.0-beta.0 <16.1.7',
180 silly audit report       cwe: [Array],
180 silly audit report       cvss: [Object]
180 silly audit report     },
180 silly audit report     {
180 silly audit report       id: 1114942,
180 silly audit report       url: 'https://github.com/advisories/GHSA-h27x-g6w4-24gq',
180 silly audit report       title: 'Next.js: Unbounded postponed resume buffering can lead to DoS',
180 silly audit report       severity: 'moderate',
180 silly audit report       vulnerable_versions: '>=16.0.1 <16.1.7',
180 silly audit report       cwe: [Array],
180 silly audit report       cvss: [Object]
180 silly audit report     },
180 silly audit report     {
180 silly audit report       id: 1114943,
180 silly audit report       url: 'https://github.com/advisories/GHSA-mq59-m269-xvcx',
180 silly audit report       title: 'Next.js: null origin can bypass Server Actions CSRF checks',
180 silly audit report       severity: 'moderate',
180 silly audit report       vulnerable_versions: '>=16.0.1 <16.1.7',
180 silly audit report       cwe: [Array],
180 silly audit report       cvss: [Object]
180 silly audit report     },
180 silly audit report     {
180 silly audit report       id: 1115360,
180 silly audit report       url: 'https://github.com/advisories/GHSA-jcc7-9wpm-mj36',
180 silly audit report       title: 'Next.js: null origin can bypass dev HMR websocket CSRF checks',
180 silly audit report       severity: 'low',
180 silly audit report       vulnerable_versions: '>=16.0.1 <16.1.7',
180 silly audit report       cwe: [Array],
180 silly audit report       cvss: [Object]
180 silly audit report     },
180 silly audit report     {
180 silly audit report       id: 1116305,
180 silly audit report       url: 'https://github.com/advisories/GHSA-5f7q-jpqc-wp7h',
180 silly audit report       title: 'Next.js has Unbounded Memory Consumption via PPR Resume Endpoint ',
180 silly audit report       severity: 'moderate',
180 silly audit report       vulnerable_versions: '>=16.0.0-beta.0 <16.1.5',
180 silly audit report       cwe: [Array],
180 silly audit report       cvss: [Object]
180 silly audit report     },
180 silly audit report     {
180 silly audit report       id: 1116375,
180 silly audit report       url: 'https://github.com/advisories/GHSA-q4gf-8mx6-v5v3',
180 silly audit report       title: 'Next.js has a Denial of Service with Server Components',
180 silly audit report       severity: 'high',
180 silly audit report       vulnerable_versions: '>=16.0.0-beta.0 <16.2.3',
180 silly audit report       cwe: [Array],
180 silly audit report       cvss: [Object]
180 silly audit report     }
180 silly audit report   ],
180 silly audit report   postcss: [
180 silly audit report     {
180 silly audit report       id: 1117015,
180 silly audit report       url: 'https://github.com/advisories/GHSA-qx2v-qp2m-jg93',
180 silly audit report       title: 'PostCSS has XSS via Unescaped </style> in its CSS Stringify Output',
180 silly audit report       severity: 'moderate',
180 silly audit report       vulnerable_versions: '<8.5.10',
180 silly audit report       cwe: [Array],
180 silly audit report       cvss: [Object]
180 silly audit report     }
180 silly audit report   ],
180 silly audit report   picomatch: [
180 silly audit report     {
180 silly audit report       id: 1115549,
180 silly audit report       url: 'https://github.com/advisories/GHSA-3v7f-55p6-f55p',
180 silly audit report       title: 'Picomatch: Method Injection in POSIX Character Classes causes incorrect Glob Matching',
180 silly audit report       severity: 'moderate',
180 silly audit report       vulnerable_versions: '<2.3.2',
180 silly audit report       cwe: [Array],
180 silly audit report       cvss: [Object]
180 silly audit report     },
180 silly audit report     {
180 silly audit report       id: 1115551,
180 silly audit report       url: 'https://github.com/advisories/GHSA-3v7f-55p6-f55p',
180 silly audit report       title: 'Picomatch: Method Injection in POSIX Character Classes causes incorrect Glob Matching',
180 silly audit report       severity: 'moderate',
180 silly audit report       vulnerable_versions: '>=4.0.0 <4.0.4',
180 silly audit report       cwe: [Array],
180 silly audit report       cvss: [Object]
180 silly audit report     },
180 silly audit report     {
180 silly audit report       id: 1115552,
180 silly audit report       url: 'https://github.com/advisories/GHSA-c2c7-rcm5-vvqj',
180 silly audit report       title: 'Picomatch has a ReDoS vulnerability via extglob quantifiers',
180 silly audit report       severity: 'high',
180 silly audit report       vulnerable_versions: '<2.3.2',
180 silly audit report       cwe: [Array],
180 silly audit report       cvss: [Object]
180 silly audit report     },
180 silly audit report     {
180 silly audit report       id: 1115554,
180 silly audit report       url: 'https://github.com/advisories/GHSA-c2c7-rcm5-vvqj',
180 silly audit report       title: 'Picomatch has a ReDoS vulnerability via extglob quantifiers',
180 silly audit report       severity: 'high',
180 silly audit report       vulnerable_versions: '>=4.0.0 <4.0.4',
180 silly audit report       cwe: [Array],
180 silly audit report       cvss: [Object]
180 silly audit report     }
180 silly audit report   ]
180 silly audit report }
181 silly packumentCache corgi:https://registry.npmjs.org/brace-expansion cache-miss
182 silly packumentCache corgi:https://registry.npmjs.org/minimatch cache-miss
183 silly packumentCache corgi:https://registry.npmjs.org/ajv cache-miss
184 silly packumentCache corgi:https://registry.npmjs.org/flatted cache-miss
185 silly packumentCache corgi:https://registry.npmjs.org/next cache-miss
186 silly packumentCache corgi:https://registry.npmjs.org/postcss cache-miss
187 silly packumentCache corgi:https://registry.npmjs.org/picomatch cache-miss
188 http fetch GET 200 https://registry.npmjs.org/@tailwindcss/postcss/-/postcss-4.1.18.tgz 2429ms (cache miss)
189 http fetch GET 200 https://registry.npmjs.org/@eslint/plugin-kit/-/plugin-kit-0.4.1.tgz 2454ms (cache miss)
190 http fetch GET 200 https://registry.npmjs.org/@typescript-eslint/typescript-estree/-/typescript-estree-8.49.0.tgz 2646ms (cache miss)
191 http fetch GET 200 https://registry.npmjs.org/@eslint/js/-/js-9.39.1.tgz 2678ms (cache miss)
192 http fetch GET 200 https://registry.npmjs.org/which/-/which-2.0.2.tgz 2854ms (cache miss)
193 http fetch GET 200 https://registry.npmjs.org/@typescript-eslint/scope-manager/-/scope-manager-8.49.0.tgz 2874ms (cache miss)
194 http fetch GET 200 https://registry.npmjs.org/@next/env/-/env-16.0.9.tgz 2901ms (cache miss)
195 http fetch GET 200 https://registry.npmjs.org/@next/eslint-plugin-next/-/eslint-plugin-next-15.2.1.tgz 2971ms (cache miss)
196 http fetch GET 200 https://registry.npmjs.org/@eslint/config-helpers/-/config-helpers-0.4.2.tgz 3450ms (cache miss)
197 http fetch GET 200 https://registry.npmjs.org/@eslint/core/-/core-0.17.0.tgz 3772ms (cache miss)
198 http fetch GET 200 https://registry.npmjs.org/@emnapi/runtime/-/runtime-1.7.1.tgz 3810ms (cache miss)
199 http fetch GET 200 https://registry.npmjs.org/semver/-/semver-7.7.3.tgz 3991ms (cache miss)
200 http fetch GET 200 https://registry.npmjs.org/react-remove-scroll/-/react-remove-scroll-2.7.2.tgz 4053ms (cache miss)
201 http fetch GET 200 https://registry.npmjs.org/resolve/-/resolve-1.22.11.tgz 4074ms (cache miss)
202 http fetch GET 200 https://registry.npmjs.org/react/-/react-19.2.2.tgz 4367ms (cache miss)
203 http fetch GET 200 https://registry.npmjs.org/sharp/-/sharp-0.34.5.tgz 4458ms (cache miss)
204 http fetch GET 200 https://registry.npmjs.org/loose-envify/-/loose-envify-1.4.0.tgz 4591ms (cache miss)
205 http fetch GET 200 https://registry.npmjs.org/nanoid/-/nanoid-3.3.11.tgz 4596ms (cache miss)
206 http fetch GET 200 https://registry.npmjs.org/napi-postinstall/-/napi-postinstall-0.3.4.tgz 4600ms (cache miss)
207 http fetch GET 200 https://registry.npmjs.org/json5/-/json5-1.0.2.tgz 4607ms (cache miss)
208 http fetch GET 200 https://registry.npmjs.org/@eslint/eslintrc/-/eslintrc-3.3.3.tgz 5086ms (cache miss)
209 http fetch GET 200 https://registry.npmjs.org/@emnapi/core/-/core-1.7.1.tgz 5140ms (cache miss)
210 http fetch GET 200 https://registry.npmjs.org/get-tsconfig/-/get-tsconfig-4.13.0.tgz 5279ms (cache miss)
211 http fetch GET 200 https://registry.npmjs.org/eslint-config-next/-/eslint-config-next-15.2.1.tgz 5360ms (cache miss)
212 http fetch GET 200 https://registry.npmjs.org/resolve/-/resolve-2.0.0-next.5.tgz 5667ms (cache miss)
213 http fetch GET 200 https://registry.npmjs.org/semver/-/semver-6.3.1.tgz 5734ms (cache miss)
214 http fetch GET 200 https://registry.npmjs.org/semver/-/semver-6.3.1.tgz 5766ms (cache miss)
215 http fetch GET 200 https://registry.npmjs.org/ignore/-/ignore-7.0.5.tgz 6537ms (cache miss)
216 http fetch GET 200 https://registry.npmjs.org/@typescript-eslint/eslint-plugin/-/eslint-plugin-8.49.0.tgz 6566ms (cache miss)
217 http fetch GET 200 https://registry.npmjs.org/brace-expansion/-/brace-expansion-2.0.2.tgz 6921ms (cache miss)
218 http fetch GET 200 https://registry.npmjs.org/acorn/-/acorn-8.15.0.tgz 7039ms (cache miss)
219 http fetch GET 200 https://registry.npmjs.org/postcss/-/postcss-8.4.31.tgz 7058ms (cache miss)
220 http fetch GET 200 https://registry.npmjs.org/brace-expansion 6104ms (cache miss)
221 silly packumentCache corgi:https://registry.npmjs.org/brace-expansion set size:undefined disposed:false
222 http fetch GET 200 https://registry.npmjs.org/js-yaml/-/js-yaml-4.1.1.tgz 8489ms (cache miss)
223 http fetch GET 200 https://registry.npmjs.org/flatted 6119ms (cache miss)
224 silly packumentCache corgi:https://registry.npmjs.org/flatted set size:undefined disposed:false
225 http fetch GET 200 https://registry.npmjs.org/picomatch 6123ms (cache miss)
226 silly packumentCache corgi:https://registry.npmjs.org/picomatch set size:undefined disposed:false
227 http fetch GET 200 https://registry.npmjs.org/minimatch 6144ms (cache miss)
228 silly packumentCache corgi:https://registry.npmjs.org/minimatch set size:undefined disposed:false
229 http fetch GET 200 https://registry.npmjs.org/@radix-ui/react-primitive/-/react-primitive-2.1.4.tgz 8503ms (cache miss)
230 http fetch GET 200 https://registry.npmjs.org/ajv 6216ms (cache miss)
231 silly packumentCache corgi:https://registry.npmjs.org/ajv set size:undefined disposed:false
232 http fetch GET 200 https://registry.npmjs.org/postcss 6398ms (cache miss)
233 silly packumentCache corgi:https://registry.npmjs.org/postcss set size:undefined disposed:false
234 http fetch GET 200 https://registry.npmjs.org/minimatch/-/minimatch-9.0.5.tgz 9811ms (cache miss)
235 http fetch GET 200 https://registry.npmjs.org/jiti/-/jiti-2.6.1.tgz 9956ms (cache miss)
236 http fetch GET 200 https://registry.npmjs.org/@types/node/-/node-25.0.0.tgz 10259ms (cache miss)
237 http fetch GET 200 https://registry.npmjs.org/eslint/-/eslint-9.39.1.tgz 14144ms (cache miss)
238 http fetch GET 200 https://registry.npmjs.org/caniuse-lite/-/caniuse-lite-1.0.30001760.tgz 15573ms (cache miss)
239 http fetch GET 200 https://registry.npmjs.org/next 19525ms (cache miss)
240 silly packumentCache corgi:https://registry.npmjs.org/next set size:undefined disposed:false
241 silly packumentCache corgi:https://registry.npmjs.org/@eslint%2fconfig-array cache-miss
242 silly packumentCache corgi:https://registry.npmjs.org/@eslint%2feslintrc cache-miss
243 silly packumentCache corgi:https://registry.npmjs.org/eslint cache-miss
244 silly packumentCache corgi:https://registry.npmjs.org/eslint-plugin-import cache-miss
245 silly packumentCache corgi:https://registry.npmjs.org/eslint-plugin-jsx-a11y cache-miss
246 silly packumentCache corgi:https://registry.npmjs.org/eslint-plugin-react cache-miss
247 http fetch GET 200 https://registry.npmjs.org/@eslint%2fconfig-array 273ms (cache miss)
248 silly packumentCache corgi:https://registry.npmjs.org/@eslint%2fconfig-array set size:undefined disposed:false
249 http fetch GET 200 https://registry.npmjs.org/eslint-plugin-jsx-a11y 664ms (cache miss)
250 silly packumentCache corgi:https://registry.npmjs.org/eslint-plugin-jsx-a11y set size:undefined disposed:false
251 http fetch GET 200 https://registry.npmjs.org/@eslint%2feslintrc 709ms (cache miss)
252 silly packumentCache corgi:https://registry.npmjs.org/@eslint%2feslintrc set size:undefined disposed:false
253 http fetch GET 200 https://registry.npmjs.org/eslint-plugin-react 709ms (cache miss)
254 silly packumentCache corgi:https://registry.npmjs.org/eslint-plugin-react set size:undefined disposed:false
255 http fetch GET 200 https://registry.npmjs.org/eslint-plugin-import 731ms (cache miss)
256 silly packumentCache corgi:https://registry.npmjs.org/eslint-plugin-import set size:undefined disposed:false
257 http fetch GET 200 https://registry.npmjs.org/eslint 1347ms (cache miss)
258 silly packumentCache corgi:https://registry.npmjs.org/eslint set size:undefined disposed:false
259 silly packumentCache corgi:https://registry.npmjs.org/@typescript-eslint%2ftypescript-estree cache-miss
260 http fetch GET 200 https://registry.npmjs.org/react-dom/-/react-dom-19.2.2.tgz 26764ms (cache miss)
261 http fetch GET 200 https://registry.npmjs.org/typescript/-/typescript-5.9.3.tgz 45789ms (cache miss)
262 http fetch GET 200 https://registry.npmjs.org/@img/sharp-win32-x64/-/sharp-win32-x64-0.34.5.tgz 53141ms (cache miss)
263 http fetch GET 200 https://registry.npmjs.org/@typescript-eslint%2ftypescript-estree 34283ms (cache miss)
264 silly packumentCache corgi:https://registry.npmjs.org/@typescript-eslint%2ftypescript-estree set size:undefined disposed:false
265 silly packumentCache corgi:https://registry.npmjs.org/flat-cache cache-miss
266 http fetch GET 200 https://registry.npmjs.org/flat-cache 491ms (cache miss)
267 silly packumentCache corgi:https://registry.npmjs.org/flat-cache set size:undefined disposed:false
268 silly packumentCache corgi:https://registry.npmjs.org/@tailwindcss%2fpostcss cache-miss
269 http fetch GET 200 https://registry.npmjs.org/@tailwindcss%2fpostcss 2859ms (cache miss)
270 silly packumentCache corgi:https://registry.npmjs.org/@tailwindcss%2fpostcss set size:undefined disposed:false
271 silly packumentCache corgi:https://registry.npmjs.org/micromatch cache-miss
272 http fetch GET 200 https://registry.npmjs.org/micromatch 222ms (cache miss)
273 silly packumentCache corgi:https://registry.npmjs.org/micromatch set size:undefined disposed:false
274 silly packumentCache corgi:https://registry.npmjs.org/tinyglobby cache-miss
275 silly packumentCache corgi:https://registry.npmjs.org/fdir cache-miss
276 http fetch GET 200 https://registry.npmjs.org/tinyglobby 214ms (cache miss)
277 silly packumentCache corgi:https://registry.npmjs.org/tinyglobby set size:undefined disposed:false
278 http fetch GET 200 https://registry.npmjs.org/fdir 639ms (cache miss)
279 silly packumentCache corgi:https://registry.npmjs.org/fdir set size:undefined disposed:false
280 http fetch GET 200 https://registry.npmjs.org/next/-/next-16.0.9.tgz 128903ms (cache miss)
281 http fetch GET 200 https://registry.npmjs.org/@next/swc-win32-x64-msvc/-/swc-win32-x64-msvc-16.0.9.tgz 133597ms (cache miss)
282 info run sharp@0.34.5 install node_modules/sharp node install/check.js || npm run build
283 info run sharp@0.34.5 install { code: 0, signal: null }
284 silly CHANGE node_modules/eslint-plugin-react/node_modules/semver
285 silly CHANGE node_modules/eslint-plugin-react/node_modules/resolve
286 silly CHANGE node_modules/eslint-plugin-import/node_modules/semver
287 silly CHANGE node_modules/@typescript-eslint/visitor-keys
288 silly CHANGE node_modules/@typescript-eslint/utils
289 silly CHANGE node_modules/@typescript-eslint/typescript-estree
290 silly ADD node_modules/@typescript-eslint/typescript-estree/node_modules/minimatch
291 silly ADD node_modules/@typescript-eslint/typescript-estree/node_modules/brace-expansion
292 silly CHANGE node_modules/@typescript-eslint/types
293 silly CHANGE node_modules/@typescript-eslint/type-utils
294 silly CHANGE node_modules/@typescript-eslint/tsconfig-utils
295 silly CHANGE node_modules/@typescript-eslint/scope-manager
296 silly CHANGE node_modules/@typescript-eslint/project-service
297 silly CHANGE node_modules/@typescript-eslint/parser
298 silly CHANGE node_modules/@typescript-eslint/eslint-plugin
299 silly ADD node_modules/@typescript-eslint/eslint-plugin/node_modules/ignore
300 silly CHANGE node_modules/@types/node
301 silly CHANGE node_modules/@tailwindcss/postcss
302 silly CHANGE node_modules/@radix-ui/react-separator
303 silly ADD node_modules/@radix-ui/react-separator/node_modules/@radix-ui/react-primitive
304 silly CHANGE node_modules/@next/swc-win32-x64-msvc
305 silly CHANGE node_modules/@next/eslint-plugin-next
306 silly CHANGE node_modules/@next/env
307 silly CHANGE node_modules/@img/colour
308 silly CHANGE node_modules/@img/sharp-win32-x64
309 silly CHANGE node_modules/@emnapi/runtime
310 silly CHANGE node_modules/@emnapi/core
311 silly CHANGE node_modules/@eslint/plugin-kit
312 silly CHANGE node_modules/@eslint/js
313 silly CHANGE node_modules/@eslint/eslintrc
314 silly CHANGE node_modules/@eslint/core
315 silly CHANGE node_modules/@eslint/config-helpers
316 silly CHANGE node_modules/which
317 silly CHANGE node_modules/typescript
318 silly CHANGE node_modules/sharp
319 silly CHANGE node_modules/semver
320 silly CHANGE node_modules/resolve
321 silly CHANGE node_modules/react-remove-scroll
322 silly CHANGE node_modules/react-dom
323 silly CHANGE node_modules/react
324 silly CHANGE node_modules/next
325 silly ADD node_modules/next/node_modules/postcss
326 silly CHANGE node_modules/napi-postinstall
327 silly CHANGE node_modules/nanoid
328 silly CHANGE node_modules/loose-envify
329 silly CHANGE node_modules/json5
330 silly CHANGE node_modules/js-yaml
331 silly CHANGE node_modules/jiti
332 silly CHANGE node_modules/get-tsconfig
333 silly CHANGE node_modules/eslint-config-next
334 silly CHANGE node_modules/eslint
335 silly CHANGE node_modules/caniuse-lite
336 silly CHANGE node_modules/acorn
337 verbose cwd C:\Users\Owner\Downloads\Amazon-Clone-main
338 verbose os Windows_NT 10.0.26200
339 verbose node v25.0.0
340 verbose npm  v11.6.2
341 verbose exit 0
342 info ok
